fail: 2025-11-04 09:35:12.4776186 +07:00 Tuesday L System.Logging.LoggingMonitor[0] #15
      ┏━━━━━━━━━━━  Logging Monitor ━━━━━━━━━━━
      ┣ AttcMN.Admin.SysLoginController.Login
      ┣ 
      ┣ 控制器名称：                   SysLoginController
      ┣ 操作名称：                     Login
      ┣ 显示名称：                     
      ┣ 路由信息：                     [area]: ; [controller]: SysLogin; [action]: Login
      ┣ 请求方式：                     POST
      ┣ 请求地址：                     http://localhost:44326/login
      ┣ 来源地址：                     http://localhost:50/login?redirect=/
      ┣ 请求端源：                     client
      ┣ 浏览器标识：                   Mozilla/5.0 (Windows NT 10.0; Win64; x64) AppleWebKit/537.36 (KHTML, like Gecko) Chrome/141.0.0.0 Safari/537.36
      ┣ 客户端区域语言：               en-US,en;q=0.9,vi;q=0.8
      ┣ 客户端 IP 地址：               127.0.0.1
      ┣ 服务端 IP 地址：               127.0.0.1
      ┣ 客户端连接 ID：                00-57e41c224cc2dd4b48f44107a9d5de02-3c2f4d554f6b0060-00
      ┣ 服务线程 ID：                  #15
      ┣ 执行耗时：                     187ms
      ┣ ━━━━━━━━━━━━━━━  Cookies ━━━━━━━━━━━━━━━
      ┣ 请求端：                       lang=en; Hm_lvt_3824e56a483ef95673d119166354712c=1761450141; .AspNetCore.Identity.Application=CfDJ8A_pruwfiuBFp_pFvYUTjgSCWWfo3Z47qZAjJE7FoJwOBU7JrpJzjuolrAeFzEwbNF5VkEIkB1K7Xw8YY4ADMgafZlElHia02YYyFnD-DqFWWHndOLt8TtLTDC_nf2LjPK2Z8uOezwyLZaxqTkKYswBf2vdQbBhP2xxqTk2yel9bdUSGdUsU5gDbVhvuu3HjxQefiZLg4UvttRgQzHMrvKpPNo7Zi2Cs3i-ZnSkjK8xID6zNmWmIpocuEQU1m05bo8bl0PbouQEKWEj8T_McPUiAB6Wsbx1CYIH_dyaxvfwSc8jVqNrfUwiOtL8HSeXuhgflYVo-E0Lw15XV8QBycaFNSdjokmWmtzx_o5_yUZBIbl64PKw64RA296cSOBL2FjxrIIALZkH7qUvHi4kJUM3LOJ9gVwaVBtWf_XTz2qJJ2HYT4JU7GNzu2bc8VeseFZoJ7S4Q04cdiz0M_ha96WcTbJ7g4btRGt1OPl0X4DcFAUh5lZmiB-Fkt1SwmyVzD23oy2CFzJ8_a_P_J00S2RRdWzWuQLil2ePO_jQeTtYAuykK-uECd3pZTukdqrxynJEMZp61pcElQQ22qJmNMhGjmHrZ10V4oqt4TgiYeVWC99-udGrZL9sbrjyvzppfag9xuPEav4b_gofla2vHe2pboyxEL0cTvAmIvP5sPa5UVgV_F_3Di_y5ehMswQjnwX0Q6inKFnKyN0cfqrpURWi_VPGZbICp37SjSCfo2LJMzYZ9H8rUKkBk_bBOfO5GLswRvsUgmmivB3dmrlIg9fxE_FIveH84nfU7E6XAlpzOPd0iLrufYDFAzSFh1xPHADIgiZwNzeuGylg0DOHc1MY; rememberMe=true; username=admin; CurrentLanguageATTW=zh-tw; password=eOG/Ps7tFz5fmEKNVMqW/x8eEQ64mz4uySZ64CmHAroq5UqgbcWp7U3Nbf+gpAhNgfk9O82c6q2NZ6KqBtMKiQ==
      ┣ 响应端：                       
      ┣ ━━━━━━━━━━━━━━━  系统信息 ━━━━━━━━━━━━━━━
      ┣ 系统名称：                     Microsoft Windows 10.0.26200
      ┣ 系统架构：                     X64
      ┣ 基础框架：                     AttcMN.Framework v1.0.0.0
      ┣ .NET 架构：                    .NET 8.0.21
      ┣ ━━━━━━━━━━━━━━━  启动信息 ━━━━━━━━━━━━━━━
      ┣ 运行环境：                     Development
      ┣ 启动程序集：                   AttcMN.Admin
      ┣ 进程名称：                     iisexpress
      ┣ 托管程序：                     iisexpress
      ┣ ━━━━━━━━━━━━━━━  请求头信息 ━━━━━━━━━━━━━━━
      ┣ 
      ┣ Accept：                       application/json, text/plain, */*
      ┣ Accept-Encoding：              gzip, deflate, br, zstd
      ┣ Accept-Language：              en-US,en;q=0.9,vi;q=0.8
      ┣ Connection：                   close
      ┣ Content-Length：               99
      ┣ Content-Type：                 application/json;charset=UTF-8
      ┣ Cookie：                       lang=en; Hm_lvt_3824e56a483ef95673d119166354712c=1761450141; .AspNetCore.Identity.Application=CfDJ8A_pruwfiuBFp_pFvYUTjgSCWWfo3Z47qZAjJE7FoJwOBU7JrpJzjuolrAeFzEwbNF5VkEIkB1K7Xw8YY4ADMgafZlElHia02YYyFnD-DqFWWHndOLt8TtLTDC_nf2LjPK2Z8uOezwyLZaxqTkKYswBf2vdQbBhP2xxqTk2yel9bdUSGdUsU5gDbVhvuu3HjxQefiZLg4UvttRgQzHMrvKpPNo7Zi2Cs3i-ZnSkjK8xID6zNmWmIpocuEQU1m05bo8bl0PbouQEKWEj8T_McPUiAB6Wsbx1CYIH_dyaxvfwSc8jVqNrfUwiOtL8HSeXuhgflYVo-E0Lw15XV8QBycaFNSdjokmWmtzx_o5_yUZBIbl64PKw64RA296cSOBL2FjxrIIALZkH7qUvHi4kJUM3LOJ9gVwaVBtWf_XTz2qJJ2HYT4JU7GNzu2bc8VeseFZoJ7S4Q04cdiz0M_ha96WcTbJ7g4btRGt1OPl0X4DcFAUh5lZmiB-Fkt1SwmyVzD23oy2CFzJ8_a_P_J00S2RRdWzWuQLil2ePO_jQeTtYAuykK-uECd3pZTukdqrxynJEMZp61pcElQQ22qJmNMhGjmHrZ10V4oqt4TgiYeVWC99-udGrZL9sbrjyvzppfag9xuPEav4b_gofla2vHe2pboyxEL0cTvAmIvP5sPa5UVgV_F_3Di_y5ehMswQjnwX0Q6inKFnKyN0cfqrpURWi_VPGZbICp37SjSCfo2LJMzYZ9H8rUKkBk_bBOfO5GLswRvsUgmmivB3dmrlIg9fxE_FIveH84nfU7E6XAlpzOPd0iLrufYDFAzSFh1xPHADIgiZwNzeuGylg0DOHc1MY; rememberMe=true; username=admin; CurrentLanguageATTW=zh-tw; password=eOG/Ps7tFz5fmEKNVMqW/x8eEQ64mz4uySZ64CmHAroq5UqgbcWp7U3Nbf+gpAhNgfk9O82c6q2NZ6KqBtMKiQ==
      ┣ Host：                         localhost:44326
      ┣ Referer：                      http://localhost:50/login?redirect=%2F
      ┣ User-Agent：                   Mozilla/5.0 (Windows NT 10.0; Win64; x64) AppleWebKit/537.36 (KHTML, like Gecko) Chrome/141.0.0.0 Safari/537.36
      ┣ x-forwarded-host：             localhost:50
      ┣ x-forwarded-port：             50
      ┣ X-Original-Proto：             https
      ┣ sec-fetch-dest：               empty
      ┣ sec-fetch-mode：               cors
      ┣ sec-fetch-site：               same-origin
      ┣ origin：                       http://localhost:50
      ┣ sec-ch-ua-mobile：             ?0
      ┣ istoken：                      false
      ┣ sec-ch-ua：                    "Google Chrome";v="141", "Not?A_Brand";v="8", "Chromium";v="141"
      ┣ sec-ch-ua-platform：           "Windows"
      ┣ X-Original-For：               127.0.0.1:59508
      ┣ ━━━━━━━━━━━━━━━  参数列表 ━━━━━━━━━━━━━━━
      ┣ Content-Type：                 application/json;charset=UTF-8
      ┣ 
      ┣ loginBody (LoginBody)：        {"username":"admin","password":"admin123","code":"3","uuid":"e0b5eb88-18e1-4d4e-8668-dadc6a780569"}
      ┣ ━━━━━━━━━━━━━━━  返回信息 ━━━━━━━━━━━━━━━
      ┣ HTTP响应状态码：               200
      ┣ 原始类型：                     System.Threading.Tasks.Task<AttcMN.Framework.AjaxResult>
      ┣ 最终类型：                     
      ┣ 最终返回值：                   null
      ┣ ━━━━━━━━━━━━━━━  异常信息 ━━━━━━━━━━━━━━━
      ┣ 类型：                         AttcMN.Framework.Exceptions.ServiceException
      ┣ 消息：                         验证码错误或已失效
      ┣ 错误堆栈：                     at AttcMN.System.Services.SysLoginService.ValidateCaptcha(String username, String code, String uuid) in D:\Project\gitlocal\AttcMN.System\Services\SysLoginService.cs:line 108
         at AttcMN.System.Services.SysLoginService.LoginAsync(String username, String password, String code, String uuid) in D:\Project\gitlocal\AttcMN.System\Services\SysLoginService.cs:line 50
         at AttcMN.Admin.SysLoginController.Login(LoginBody loginBody) in D:\Project\gitlocal\AttcMN.System\Controllers\SysLoginController.cs:line 45
         at lambda_method55(Closure, Object)
         at Microsoft.AspNetCore.Mvc.Infrastructure.ActionMethodExecutor.AwaitableObjectResultExecutor.Execute(ActionContext actionContext, IActionResultTypeMapper mapper, ObjectMethodExecutor executor, Object controller, Object[] arguments)
         at Microsoft.AspNetCore.Mvc.Infrastructure.ControllerActionInvoker.<InvokeActionMethodAsync>g__Logged|12_1(ControllerActionInvoker invoker)
         at Microsoft.AspNetCore.Mvc.Infrastructure.ControllerActionInvoker.<InvokeNextActionFilterAsync>g__Awaited|10_0(ControllerActionInvoker invoker, Task lastTask, State next, Scope scope, Object state, Boolean isCompleted)
      ┗━━━━━━━━━━━  Logging Monitor ━━━━━━━━━━━      
      ++++++++++++++++++++++++++++++++++++++++++++++++++++++++
      AttcMN.Framework.Exceptions.ServiceException: 验证码错误或已失效
         at AttcMN.System.Services.SysLoginService.ValidateCaptcha(String username, String code, String uuid) in D:\Project\gitlocal\AttcMN.System\Services\SysLoginService.cs:line 108
         at AttcMN.System.Services.SysLoginService.LoginAsync(String username, String password, String code, String uuid) in D:\Project\gitlocal\AttcMN.System\Services\SysLoginService.cs:line 50
         at AttcMN.Admin.SysLoginController.Login(LoginBody loginBody) in D:\Project\gitlocal\AttcMN.System\Controllers\SysLoginController.cs:line 45
         at lambda_method55(Closure, Object)
         at Microsoft.AspNetCore.Mvc.Infrastructure.ActionMethodExecutor.AwaitableObjectResultExecutor.Execute(ActionContext actionContext, IActionResultTypeMapper mapper, ObjectMethodExecutor executor, Object controller, Object[] arguments)
         at Microsoft.AspNetCore.Mvc.Infrastructure.ControllerActionInvoker.<InvokeActionMethodAsync>g__Logged|12_1(ControllerActionInvoker invoker)
         at Microsoft.AspNetCore.Mvc.Infrastructure.ControllerActionInvoker.<InvokeNextActionFilterAsync>g__Awaited|10_0(ControllerActionInvoker invoker, Task lastTask, State next, Scope scope, Object state, Boolean isCompleted)
      ++++++++++++++++++++++++++++++++++++++++++++++++++++++++
fail: 2025-11-04 09:35:12.4832064 +07:00 Tuesday L AttcMN.Framework.Filters.GlobalExceptionFilter[0] #15
      GlobalException      
      ++++++++++++++++++++++++++++++++++++++++++++++++++++++++
      AttcMN.Framework.Exceptions.ServiceException: 验证码错误或已失效
         at AttcMN.System.Services.SysLoginService.ValidateCaptcha(String username, String code, String uuid) in D:\Project\gitlocal\AttcMN.System\Services\SysLoginService.cs:line 108
         at AttcMN.System.Services.SysLoginService.LoginAsync(String username, String password, String code, String uuid) in D:\Project\gitlocal\AttcMN.System\Services\SysLoginService.cs:line 50
         at AttcMN.Admin.SysLoginController.Login(LoginBody loginBody) in D:\Project\gitlocal\AttcMN.System\Controllers\SysLoginController.cs:line 45
         at lambda_method55(Closure, Object)
         at Microsoft.AspNetCore.Mvc.Infrastructure.ActionMethodExecutor.AwaitableObjectResultExecutor.Execute(ActionContext actionContext, IActionResultTypeMapper mapper, ObjectMethodExecutor executor, Object controller, Object[] arguments)
         at Microsoft.AspNetCore.Mvc.Infrastructure.ControllerActionInvoker.<InvokeActionMethodAsync>g__Logged|12_1(ControllerActionInvoker invoker)
         at Microsoft.AspNetCore.Mvc.Infrastructure.ControllerActionInvoker.<InvokeNextActionFilterAsync>g__Awaited|10_0(ControllerActionInvoker invoker, Task lastTask, State next, Scope scope, Object state, Boolean isCompleted)
         at Microsoft.AspNetCore.Mvc.Infrastructure.ControllerActionInvoker.Rethrow(ActionExecutedContextSealed context)
         at Microsoft.AspNetCore.Mvc.Infrastructure.ControllerActionInvoker.Next(State& next, Scope& scope, Object& state, Boolean& isCompleted)
         at Microsoft.AspNetCore.Mvc.Infrastructure.ControllerActionInvoker.InvokeInnerFilterAsync()
      --- End of stack trace from previous location ---
         at Microsoft.AspNetCore.Mvc.Infrastructure.ResourceInvoker.<InvokeNextExceptionFilterAsync>g__Awaited|26_0(ResourceInvoker invoker, Task lastTask, State next, Scope scope, Object state, Boolean isCompleted)
      ++++++++++++++++++++++++++++++++++++++++++++++++++++++++
fail: 2025-11-04 10:06:08.0964401 +07:00 Tuesday L System.Logging.LoggingMonitor[0] #47
      ┏━━━━━━━━━━━  Logging Monitor ━━━━━━━━━━━
      ┣ AttcMN.Admin.SysLoginController.GetInfo
      ┣ 
      ┣ 控制器名称：                     SysLoginController
      ┣ 操作名称：                       GetInfo
      ┣ 显示名称：                       
      ┣ 路由信息：                       [area]: ; [controller]: SysLogin; [action]: GetInfo
      ┣ 请求方式：                       GET
      ┣ 请求地址：                       http://localhost:44326/getInfo
      ┣ 来源地址：                       http://localhost:50/index
      ┣ 请求端源：                       client
      ┣ 浏览器标识：                     Mozilla/5.0 (Windows NT 10.0; Win64; x64) AppleWebKit/537.36 (KHTML, like Gecko) Chrome/141.0.0.0 Safari/537.36
      ┣ 客户端区域语言：                 en-US,en;q=0.9,vi;q=0.8
      ┣ 客户端 IP 地址：                 127.0.0.1
      ┣ 服务端 IP 地址：                 127.0.0.1
      ┣ 客户端连接 ID：                  00-8b3cb9be235e4bcb5c72b280655b0cae-074bdea8bddbdb27-00
      ┣ 服务线程 ID：                    #47
      ┣ 执行耗时：                       106ms
      ┣ ━━━━━━━━━━━━━━━  Cookies ━━━━━━━━━━━━━━━
      ┣ 请求端：                         lang=en; Hm_lvt_3824e56a483ef95673d119166354712c=1761450141; .AspNetCore.Identity.Application=CfDJ8A_pruwfiuBFp_pFvYUTjgSCWWfo3Z47qZAjJE7FoJwOBU7JrpJzjuolrAeFzEwbNF5VkEIkB1K7Xw8YY4ADMgafZlElHia02YYyFnD-DqFWWHndOLt8TtLTDC_nf2LjPK2Z8uOezwyLZaxqTkKYswBf2vdQbBhP2xxqTk2yel9bdUSGdUsU5gDbVhvuu3HjxQefiZLg4UvttRgQzHMrvKpPNo7Zi2Cs3i-ZnSkjK8xID6zNmWmIpocuEQU1m05bo8bl0PbouQEKWEj8T_McPUiAB6Wsbx1CYIH_dyaxvfwSc8jVqNrfUwiOtL8HSeXuhgflYVo-E0Lw15XV8QBycaFNSdjokmWmtzx_o5_yUZBIbl64PKw64RA296cSOBL2FjxrIIALZkH7qUvHi4kJUM3LOJ9gVwaVBtWf_XTz2qJJ2HYT4JU7GNzu2bc8VeseFZoJ7S4Q04cdiz0M_ha96WcTbJ7g4btRGt1OPl0X4DcFAUh5lZmiB-Fkt1SwmyVzD23oy2CFzJ8_a_P_J00S2RRdWzWuQLil2ePO_jQeTtYAuykK-uECd3pZTukdqrxynJEMZp61pcElQQ22qJmNMhGjmHrZ10V4oqt4TgiYeVWC99-udGrZL9sbrjyvzppfag9xuPEav4b_gofla2vHe2pboyxEL0cTvAmIvP5sPa5UVgV_F_3Di_y5ehMswQjnwX0Q6inKFnKyN0cfqrpURWi_VPGZbICp37SjSCfo2LJMzYZ9H8rUKkBk_bBOfO5GLswRvsUgmmivB3dmrlIg9fxE_FIveH84nfU7E6XAlpzOPd0iLrufYDFAzSFh1xPHADIgiZwNzeuGylg0DOHc1MY; rememberMe=true; username=admin; CurrentLanguageATTW=zh-tw; password=VgwPxBzWu26BRlzadmWTA65n/qyzgeBUr0PjhnbA3hPlg4g/XWpovmiW9XOOe0PVfJJIbvRSwiA6sgRR8kEpsw==; Admin-Token=eyJhbGciOiJIUzI1NiIsInR5cCI6IkpXVCJ9.eyJsb2dpbl91c2VyX2tleSI6ImI5Njg4ODAyLTc0YjUtNDU2My04NDk1LTA2MTU0Njg0ZGU4YSIsIlVzZXJJZCI6MSwiVXNlck5hbWUiOiJhZG1pbiIsIkRlcHRJZCI6MTAzLCJleHAiOjE3NjI4Mjg1MTcsImlhdCI6MTc2MjIyMzcxNywibmJmIjoxNzYyMjIzNzE3LCJpc3MiOiJydW95aS5uZXQuaXNzdWVyIiwiYXVkIjoicnVveWkubmV0LmF1ZGllbmNlIn0.MFsj4y37eiQ_mR4Dx8qh3wAtH1ppxeQLa1SjhVSCjV4; language=vn
      ┣ 响应端：                         
      ┣ ━━━━━━━━━━━━━━━  系统信息 ━━━━━━━━━━━━━━━
      ┣ 系统名称：                       Microsoft Windows 10.0.26200
      ┣ 系统架构：                       X64
      ┣ 基础框架：                       AttcMN.Framework v1.0.0.0
      ┣ .NET 架构：                      .NET 8.0.21
      ┣ ━━━━━━━━━━━━━━━  启动信息 ━━━━━━━━━━━━━━━
      ┣ 运行环境：                       Development
      ┣ 启动程序集：                     AttcMN.Admin
      ┣ 进程名称：                       iisexpress
      ┣ 托管程序：                       iisexpress
      ┣ ━━━━━━━━━━━━━━━  授权信息 ━━━━━━━━━━━━━━━
      ┣ JWT Token：                      Bearer eyJhbGciOiJIUzI1NiIsInR5cCI6IkpXVCJ9.eyJsb2dpbl91c2VyX2tleSI6ImI5Njg4ODAyLTc0YjUtNDU2My04NDk1LTA2MTU0Njg0ZGU4YSIsIlVzZXJJZCI6MSwiVXNlck5hbWUiOiJhZG1pbiIsIkRlcHRJZCI6MTAzLCJleHAiOjE3NjI4Mjg1MTcsImlhdCI6MTc2MjIyMzcxNywibmJmIjoxNzYyMjIzNzE3LCJpc3MiOiJydW95aS5uZXQuaXNzdWVyIiwiYXVkIjoicnVveWkubmV0LmF1ZGllbmNlIn0.MFsj4y37eiQ_mR4Dx8qh3wAtH1ppxeQLa1SjhVSCjV4
      ┣ 
      ┣ login_user_key (string)：        b9688802-74b5-4563-8495-06154684de8a
      ┣ UserId (integer32)：             1
      ┣ UserName (string)：              admin
      ┣ DeptId (integer32)：             103
      ┣ exp (integer64)：                1762828517 (2025-11-11 09:35:17:0000(+07:00) Tuesday L)
      ┣ iat (integer64)：                1762223717 (2025-11-04 09:35:17:0000(+07:00) Tuesday L)
      ┣ nbf (integer64)：                1762223717 (2025-11-04 09:35:17:0000(+07:00) Tuesday L)
      ┣ iss (string)：                   ruoyi.net.issuer
      ┣ aud (string)：                   ruoyi.net.audience
      ┣ ━━━━━━━━━━━━━━━  请求头信息 ━━━━━━━━━━━━━━━
      ┣ 
      ┣ Accept：                         application/json, text/plain, */*
      ┣ Accept-Encoding：                gzip, deflate, br, zstd
      ┣ Accept-Language：                en-US,en;q=0.9,vi;q=0.8
      ┣ Authorization：                  Bearer eyJhbGciOiJIUzI1NiIsInR5cCI6IkpXVCJ9.eyJsb2dpbl91c2VyX2tleSI6ImI5Njg4ODAyLTc0YjUtNDU2My04NDk1LTA2MTU0Njg0ZGU4YSIsIlVzZXJJZCI6MSwiVXNlck5hbWUiOiJhZG1pbiIsIkRlcHRJZCI6MTAzLCJleHAiOjE3NjI4Mjg1MTcsImlhdCI6MTc2MjIyMzcxNywibmJmIjoxNzYyMjIzNzE3LCJpc3MiOiJydW95aS5uZXQuaXNzdWVyIiwiYXVkIjoicnVveWkubmV0LmF1ZGllbmNlIn0.MFsj4y37eiQ_mR4Dx8qh3wAtH1ppxeQLa1SjhVSCjV4
      ┣ Connection：                     close
      ┣ Cookie：                         lang=en; Hm_lvt_3824e56a483ef95673d119166354712c=1761450141; .AspNetCore.Identity.Application=CfDJ8A_pruwfiuBFp_pFvYUTjgSCWWfo3Z47qZAjJE7FoJwOBU7JrpJzjuolrAeFzEwbNF5VkEIkB1K7Xw8YY4ADMgafZlElHia02YYyFnD-DqFWWHndOLt8TtLTDC_nf2LjPK2Z8uOezwyLZaxqTkKYswBf2vdQbBhP2xxqTk2yel9bdUSGdUsU5gDbVhvuu3HjxQefiZLg4UvttRgQzHMrvKpPNo7Zi2Cs3i-ZnSkjK8xID6zNmWmIpocuEQU1m05bo8bl0PbouQEKWEj8T_McPUiAB6Wsbx1CYIH_dyaxvfwSc8jVqNrfUwiOtL8HSeXuhgflYVo-E0Lw15XV8QBycaFNSdjokmWmtzx_o5_yUZBIbl64PKw64RA296cSOBL2FjxrIIALZkH7qUvHi4kJUM3LOJ9gVwaVBtWf_XTz2qJJ2HYT4JU7GNzu2bc8VeseFZoJ7S4Q04cdiz0M_ha96WcTbJ7g4btRGt1OPl0X4DcFAUh5lZmiB-Fkt1SwmyVzD23oy2CFzJ8_a_P_J00S2RRdWzWuQLil2ePO_jQeTtYAuykK-uECd3pZTukdqrxynJEMZp61pcElQQ22qJmNMhGjmHrZ10V4oqt4TgiYeVWC99-udGrZL9sbrjyvzppfag9xuPEav4b_gofla2vHe2pboyxEL0cTvAmIvP5sPa5UVgV_F_3Di_y5ehMswQjnwX0Q6inKFnKyN0cfqrpURWi_VPGZbICp37SjSCfo2LJMzYZ9H8rUKkBk_bBOfO5GLswRvsUgmmivB3dmrlIg9fxE_FIveH84nfU7E6XAlpzOPd0iLrufYDFAzSFh1xPHADIgiZwNzeuGylg0DOHc1MY; rememberMe=true; username=admin; CurrentLanguageATTW=zh-tw; password=VgwPxBzWu26BRlzadmWTA65n/qyzgeBUr0PjhnbA3hPlg4g/XWpovmiW9XOOe0PVfJJIbvRSwiA6sgRR8kEpsw==; Admin-Token=eyJhbGciOiJIUzI1NiIsInR5cCI6IkpXVCJ9.eyJsb2dpbl91c2VyX2tleSI6ImI5Njg4ODAyLTc0YjUtNDU2My04NDk1LTA2MTU0Njg0ZGU4YSIsIlVzZXJJZCI6MSwiVXNlck5hbWUiOiJhZG1pbiIsIkRlcHRJZCI6MTAzLCJleHAiOjE3NjI4Mjg1MTcsImlhdCI6MTc2MjIyMzcxNywibmJmIjoxNzYyMjIzNzE3LCJpc3MiOiJydW95aS5uZXQuaXNzdWVyIiwiYXVkIjoicnVveWkubmV0LmF1ZGllbmNlIn0.MFsj4y37eiQ_mR4Dx8qh3wAtH1ppxeQLa1SjhVSCjV4; language=vn
      ┣ Host：                           localhost:44326
      ┣ Referer：                        http://localhost:50/index
      ┣ User-Agent：                     Mozilla/5.0 (Windows NT 10.0; Win64; x64) AppleWebKit/537.36 (KHTML, like Gecko) Chrome/141.0.0.0 Safari/537.36
      ┣ x-forwarded-host：               localhost:50
      ┣ x-forwarded-port：               50
      ┣ X-Original-Proto：               https
      ┣ sec-fetch-dest：                 empty
      ┣ sec-fetch-mode：                 cors
      ┣ sec-fetch-site：                 same-origin
      ┣ sec-ch-ua-mobile：               ?0
      ┣ sec-ch-ua：                      "Google Chrome";v="141", "Not?A_Brand";v="8", "Chromium";v="141"
      ┣ sec-ch-ua-platform：             "Windows"
      ┣ X-Original-For：                 127.0.0.1:49968
      ┣ ━━━━━━━━━━━━━━━  返回信息 ━━━━━━━━━━━━━━━
      ┣ HTTP响应状态码：                 200
      ┣ 原始类型：                       System.Threading.Tasks.Task<AttcMN.Framework.AjaxResult>
      ┣ 最终类型：                       
      ┣ 最终返回值：                     null
      ┣ ━━━━━━━━━━━━━━━  异常信息 ━━━━━━━━━━━━━━━
      ┣ 类型：                           AttcMN.Framework.Exceptions.ServiceException
      ┣ 消息：                           获取用户信息异常
      ┣ 错误堆栈：                       at AttcMN.Common.Utils.SecurityUtils.GetLoginUser() in D:\Project\gitlocal\AttcMN.Common\Utils\SecurityUtils.cs:line 52
         at AttcMN.Admin.SysLoginController.GetInfo() in D:\Project\gitlocal\AttcMN.System\Controllers\SysLoginController.cs:line 77
         at lambda_method76(Closure, Object)
         at Microsoft.AspNetCore.Mvc.Infrastructure.ActionMethodExecutor.AwaitableObjectResultExecutor.Execute(ActionContext actionContext, IActionResultTypeMapper mapper, ObjectMethodExecutor executor, Object controller, Object[] arguments)
         at Microsoft.AspNetCore.Mvc.Infrastructure.ControllerActionInvoker.<InvokeActionMethodAsync>g__Logged|12_1(ControllerActionInvoker invoker)
         at Microsoft.AspNetCore.Mvc.Infrastructure.ControllerActionInvoker.<InvokeNextActionFilterAsync>g__Awaited|10_0(ControllerActionInvoker invoker, Task lastTask, State next, Scope scope, Object state, Boolean isCompleted)
      ┗━━━━━━━━━━━  Logging Monitor ━━━━━━━━━━━      
      ++++++++++++++++++++++++++++++++++++++++++++++++++++++++
      AttcMN.Framework.Exceptions.ServiceException: 获取用户信息异常
         at AttcMN.Common.Utils.SecurityUtils.GetLoginUser() in D:\Project\gitlocal\AttcMN.Common\Utils\SecurityUtils.cs:line 52
         at AttcMN.Admin.SysLoginController.GetInfo() in D:\Project\gitlocal\AttcMN.System\Controllers\SysLoginController.cs:line 77
         at lambda_method76(Closure, Object)
         at Microsoft.AspNetCore.Mvc.Infrastructure.ActionMethodExecutor.AwaitableObjectResultExecutor.Execute(ActionContext actionContext, IActionResultTypeMapper mapper, ObjectMethodExecutor executor, Object controller, Object[] arguments)
         at Microsoft.AspNetCore.Mvc.Infrastructure.ControllerActionInvoker.<InvokeActionMethodAsync>g__Logged|12_1(ControllerActionInvoker invoker)
         at Microsoft.AspNetCore.Mvc.Infrastructure.ControllerActionInvoker.<InvokeNextActionFilterAsync>g__Awaited|10_0(ControllerActionInvoker invoker, Task lastTask, State next, Scope scope, Object state, Boolean isCompleted)
      ++++++++++++++++++++++++++++++++++++++++++++++++++++++++
fail: 2025-11-04 10:06:08.1061208 +07:00 Tuesday L AttcMN.Framework.Filters.GlobalExceptionFilter[0] #47
      GlobalException      
      ++++++++++++++++++++++++++++++++++++++++++++++++++++++++
      AttcMN.Framework.Exceptions.ServiceException: 获取用户信息异常
         at AttcMN.Common.Utils.SecurityUtils.GetLoginUser() in D:\Project\gitlocal\AttcMN.Common\Utils\SecurityUtils.cs:line 52
         at AttcMN.Admin.SysLoginController.GetInfo() in D:\Project\gitlocal\AttcMN.System\Controllers\SysLoginController.cs:line 77
         at lambda_method76(Closure, Object)
         at Microsoft.AspNetCore.Mvc.Infrastructure.ActionMethodExecutor.AwaitableObjectResultExecutor.Execute(ActionContext actionContext, IActionResultTypeMapper mapper, ObjectMethodExecutor executor, Object controller, Object[] arguments)
         at Microsoft.AspNetCore.Mvc.Infrastructure.ControllerActionInvoker.<InvokeActionMethodAsync>g__Logged|12_1(ControllerActionInvoker invoker)
         at Microsoft.AspNetCore.Mvc.Infrastructure.ControllerActionInvoker.<InvokeNextActionFilterAsync>g__Awaited|10_0(ControllerActionInvoker invoker, Task lastTask, State next, Scope scope, Object state, Boolean isCompleted)
         at Microsoft.AspNetCore.Mvc.Infrastructure.ControllerActionInvoker.Rethrow(ActionExecutedContextSealed context)
         at Microsoft.AspNetCore.Mvc.Infrastructure.ControllerActionInvoker.Next(State& next, Scope& scope, Object& state, Boolean& isCompleted)
         at Microsoft.AspNetCore.Mvc.Infrastructure.ControllerActionInvoker.InvokeInnerFilterAsync()
      --- End of stack trace from previous location ---
         at Microsoft.AspNetCore.Mvc.Infrastructure.ResourceInvoker.<InvokeNextExceptionFilterAsync>g__Awaited|26_0(ResourceInvoker invoker, Task lastTask, State next, Scope scope, Object state, Boolean isCompleted)
      ++++++++++++++++++++++++++++++++++++++++++++++++++++++++
