fail: 2025-11-08 10:38:56.3151279 +07:00 Saturday L System.Logging.LoggingMonitor[0] #48
      ┏━━━━━━━━━━━  Logging Monitor ━━━━━━━━━━━
      ┣ AttcMN.Admin.SysLoginController.Login
      ┣ 
      ┣ 控制器名称：                   SysLoginController
      ┣ 操作名称：                     Login
      ┣ 显示名称：                     
      ┣ 路由信息：                     [area]: ; [controller]: SysLogin; [action]: Login
      ┣ 请求方式：                     POST
      ┣ 请求地址：                     https://localhost:44326/login
      ┣ 来源地址：                     https://localhost:44326/api-doc/index.html?urls.primaryName=System
      ┣ 请求端源：                     swagger
      ┣ 浏览器标识：                   Mozilla/5.0 (Windows NT 10.0; Win64; x64) AppleWebKit/537.36 (KHTML, like Gecko) Chrome/142.0.0.0 Safari/537.36
      ┣ 客户端区域语言：               en-US,en;q=0.9,vi;q=0.8
      ┣ 客户端 IP 地址：               0.0.0.1
      ┣ 服务端 IP 地址：               0.0.0.1
      ┣ 客户端连接 ID：                00-688313c0a436b2a52518df2295f15097-f16654522f8c2ae8-00
      ┣ 服务线程 ID：                  #48
      ┣ 执行耗时：                     226ms
      ┣ ━━━━━━━━━━━━━━━  Cookies ━━━━━━━━━━━━━━━
      ┣ 请求端：                       lang=en; Hm_lvt_3824e56a483ef95673d119166354712c=1761450141; .AspNetCore.Identity.Application=CfDJ8A_pruwfiuBFp_pFvYUTjgSCWWfo3Z47qZAjJE7FoJwOBU7JrpJzjuolrAeFzEwbNF5VkEIkB1K7Xw8YY4ADMgafZlElHia02YYyFnD-DqFWWHndOLt8TtLTDC_nf2LjPK2Z8uOezwyLZaxqTkKYswBf2vdQbBhP2xxqTk2yel9bdUSGdUsU5gDbVhvuu3HjxQefiZLg4UvttRgQzHMrvKpPNo7Zi2Cs3i-ZnSkjK8xID6zNmWmIpocuEQU1m05bo8bl0PbouQEKWEj8T_McPUiAB6Wsbx1CYIH_dyaxvfwSc8jVqNrfUwiOtL8HSeXuhgflYVo-E0Lw15XV8QBycaFNSdjokmWmtzx_o5_yUZBIbl64PKw64RA296cSOBL2FjxrIIALZkH7qUvHi4kJUM3LOJ9gVwaVBtWf_XTz2qJJ2HYT4JU7GNzu2bc8VeseFZoJ7S4Q04cdiz0M_ha96WcTbJ7g4btRGt1OPl0X4DcFAUh5lZmiB-Fkt1SwmyVzD23oy2CFzJ8_a_P_J00S2RRdWzWuQLil2ePO_jQeTtYAuykK-uECd3pZTukdqrxynJEMZp61pcElQQ22qJmNMhGjmHrZ10V4oqt4TgiYeVWC99-udGrZL9sbrjyvzppfag9xuPEav4b_gofla2vHe2pboyxEL0cTvAmIvP5sPa5UVgV_F_3Di_y5ehMswQjnwX0Q6inKFnKyN0cfqrpURWi_VPGZbICp37SjSCfo2LJMzYZ9H8rUKkBk_bBOfO5GLswRvsUgmmivB3dmrlIg9fxE_FIveH84nfU7E6XAlpzOPd0iLrufYDFAzSFh1xPHADIgiZwNzeuGylg0DOHc1MY; rememberMe=true; CurrentLanguageATTW=zh-tw; username=admin; password=Q5GWGyl0sCqJXSYevn3RFHvozeOsKO/Uw8w1yT+hzOpQ42v905KPUJXlRyfR+O7bfhVtMKVprZzKwZZUXosJJQ==; username-ssp-yxht=admin; rememberMe-ssp-yxht=true; password-ssp-yxht=eOjCDiprAGOhwYi9qYGVEI9yplxegABW9j441nsGLzCpRJhLnC2Nn3fqWAXu6N/XCMW5c5vLv3lNZyUwscWPbQ==
      ┣ 响应端：                       
      ┣ ━━━━━━━━━━━━━━━  系统信息 ━━━━━━━━━━━━━━━
      ┣ 系统名称：                     Microsoft Windows 10.0.26200
      ┣ 系统架构：                     X64
      ┣ 基础框架：                     AttcMN.Framework v1.0.0.0
      ┣ .NET 架构：                    .NET 8.0.21
      ┣ ━━━━━━━━━━━━━━━  启动信息 ━━━━━━━━━━━━━━━
      ┣ 运行环境：                     Development
      ┣ 启动程序集：                   AttcMN.Admin
      ┣ 进程名称：                     iisexpress
      ┣ 托管程序：                     iisexpress
      ┣ ━━━━━━━━━━━━━━━  请求头信息 ━━━━━━━━━━━━━━━
      ┣ 
      ┣ Accept：                       text/plain
      ┣ Accept-Encoding：              gzip, deflate, br, zstd
      ┣ Accept-Language：              en-US,en;q=0.9,vi;q=0.8
      ┣ Connection：                   close
      ┣ Content-Length：               90
      ┣ Content-Type：                 application/json-patch+json
      ┣ Cookie：                       lang=en; Hm_lvt_3824e56a483ef95673d119166354712c=1761450141; .AspNetCore.Identity.Application=CfDJ8A_pruwfiuBFp_pFvYUTjgSCWWfo3Z47qZAjJE7FoJwOBU7JrpJzjuolrAeFzEwbNF5VkEIkB1K7Xw8YY4ADMgafZlElHia02YYyFnD-DqFWWHndOLt8TtLTDC_nf2LjPK2Z8uOezwyLZaxqTkKYswBf2vdQbBhP2xxqTk2yel9bdUSGdUsU5gDbVhvuu3HjxQefiZLg4UvttRgQzHMrvKpPNo7Zi2Cs3i-ZnSkjK8xID6zNmWmIpocuEQU1m05bo8bl0PbouQEKWEj8T_McPUiAB6Wsbx1CYIH_dyaxvfwSc8jVqNrfUwiOtL8HSeXuhgflYVo-E0Lw15XV8QBycaFNSdjokmWmtzx_o5_yUZBIbl64PKw64RA296cSOBL2FjxrIIALZkH7qUvHi4kJUM3LOJ9gVwaVBtWf_XTz2qJJ2HYT4JU7GNzu2bc8VeseFZoJ7S4Q04cdiz0M_ha96WcTbJ7g4btRGt1OPl0X4DcFAUh5lZmiB-Fkt1SwmyVzD23oy2CFzJ8_a_P_J00S2RRdWzWuQLil2ePO_jQeTtYAuykK-uECd3pZTukdqrxynJEMZp61pcElQQ22qJmNMhGjmHrZ10V4oqt4TgiYeVWC99-udGrZL9sbrjyvzppfag9xuPEav4b_gofla2vHe2pboyxEL0cTvAmIvP5sPa5UVgV_F_3Di_y5ehMswQjnwX0Q6inKFnKyN0cfqrpURWi_VPGZbICp37SjSCfo2LJMzYZ9H8rUKkBk_bBOfO5GLswRvsUgmmivB3dmrlIg9fxE_FIveH84nfU7E6XAlpzOPd0iLrufYDFAzSFh1xPHADIgiZwNzeuGylg0DOHc1MY; rememberMe=true; CurrentLanguageATTW=zh-tw; username=admin; password=Q5GWGyl0sCqJXSYevn3RFHvozeOsKO/Uw8w1yT+hzOpQ42v905KPUJXlRyfR+O7bfhVtMKVprZzKwZZUXosJJQ==; username-ssp-yxht=admin; rememberMe-ssp-yxht=true; password-ssp-yxht=eOjCDiprAGOhwYi9qYGVEI9yplxegABW9j441nsGLzCpRJhLnC2Nn3fqWAXu6N/XCMW5c5vLv3lNZyUwscWPbQ==
      ┣ Host：                         localhost:44326
      ┣ Referer：                      https://localhost:44326/api-doc/index.html?urls.primaryName=System
      ┣ User-Agent：                   Mozilla/5.0 (Windows NT 10.0; Win64; x64) AppleWebKit/537.36 (KHTML, like Gecko) Chrome/142.0.0.0 Safari/537.36
      ┣ sec-ch-ua-platform：           "Windows"
      ┣ request-from：                 swagger
      ┣ sec-ch-ua：                    "Chromium";v="142", "Google Chrome";v="142", "Not_A Brand";v="99"
      ┣ sec-ch-ua-mobile：             ?0
      ┣ origin：                       https://localhost:44326
      ┣ sec-fetch-site：               same-origin
      ┣ sec-fetch-mode：               cors
      ┣ sec-fetch-dest：               empty
      ┣ priority：                     u=1, i
      ┣ ━━━━━━━━━━━━━━━  参数列表 ━━━━━━━━━━━━━━━
      ┣ Content-Type：                 application/json-patch+json
      ┣ 
      ┣ loginBody (LoginBody)：        {"username":"string","password":"string","code":"string","uuid":"string"}
      ┣ ━━━━━━━━━━━━━━━  返回信息 ━━━━━━━━━━━━━━━
      ┣ HTTP响应状态码：               200
      ┣ 原始类型：                     System.Threading.Tasks.Task<AttcMN.Framework.AjaxResult>
      ┣ 最终类型：                     
      ┣ 最终返回值：                   null
      ┣ ━━━━━━━━━━━━━━━  异常信息 ━━━━━━━━━━━━━━━
      ┣ 类型：                         AttcMN.Framework.Exceptions.ServiceException
      ┣ 消息：                         验证码错误或已失效
      ┣ 错误堆栈：                     at AttcMN.System.Services.SysLoginService.ValidateCaptcha(String username, String code, String uuid) in D:\Project\gitlocal\AttcnMN\AttcMN.System\Services\SysLoginService.cs:line 108
         at AttcMN.System.Services.SysLoginService.LoginAsync(String username, String password, String code, String uuid) in D:\Project\gitlocal\AttcnMN\AttcMN.System\Services\SysLoginService.cs:line 50
         at AttcMN.Admin.SysLoginController.Login(LoginBody loginBody) in D:\Project\gitlocal\AttcnMN\AttcMN.System\Controllers\SysLoginController.cs:line 48
         at lambda_method35(Closure, Object)
         at Microsoft.AspNetCore.Mvc.Infrastructure.ActionMethodExecutor.AwaitableObjectResultExecutor.Execute(ActionContext actionContext, IActionResultTypeMapper mapper, ObjectMethodExecutor executor, Object controller, Object[] arguments)
         at Microsoft.AspNetCore.Mvc.Infrastructure.ControllerActionInvoker.<InvokeActionMethodAsync>g__Logged|12_1(ControllerActionInvoker invoker)
         at Microsoft.AspNetCore.Mvc.Infrastructure.ControllerActionInvoker.<InvokeNextActionFilterAsync>g__Awaited|10_0(ControllerActionInvoker invoker, Task lastTask, State next, Scope scope, Object state, Boolean isCompleted)
      ┗━━━━━━━━━━━  Logging Monitor ━━━━━━━━━━━      
      ++++++++++++++++++++++++++++++++++++++++++++++++++++++++
      AttcMN.Framework.Exceptions.ServiceException: 验证码错误或已失效
         at AttcMN.System.Services.SysLoginService.ValidateCaptcha(String username, String code, String uuid) in D:\Project\gitlocal\AttcnMN\AttcMN.System\Services\SysLoginService.cs:line 108
         at AttcMN.System.Services.SysLoginService.LoginAsync(String username, String password, String code, String uuid) in D:\Project\gitlocal\AttcnMN\AttcMN.System\Services\SysLoginService.cs:line 50
         at AttcMN.Admin.SysLoginController.Login(LoginBody loginBody) in D:\Project\gitlocal\AttcnMN\AttcMN.System\Controllers\SysLoginController.cs:line 48
         at lambda_method35(Closure, Object)
         at Microsoft.AspNetCore.Mvc.Infrastructure.ActionMethodExecutor.AwaitableObjectResultExecutor.Execute(ActionContext actionContext, IActionResultTypeMapper mapper, ObjectMethodExecutor executor, Object controller, Object[] arguments)
         at Microsoft.AspNetCore.Mvc.Infrastructure.ControllerActionInvoker.<InvokeActionMethodAsync>g__Logged|12_1(ControllerActionInvoker invoker)
         at Microsoft.AspNetCore.Mvc.Infrastructure.ControllerActionInvoker.<InvokeNextActionFilterAsync>g__Awaited|10_0(ControllerActionInvoker invoker, Task lastTask, State next, Scope scope, Object state, Boolean isCompleted)
      ++++++++++++++++++++++++++++++++++++++++++++++++++++++++
fail: 2025-11-08 10:38:56.3204903 +07:00 Saturday L AttcMN.Framework.Filters.GlobalExceptionFilter[0] #48
      GlobalException      
      ++++++++++++++++++++++++++++++++++++++++++++++++++++++++
      AttcMN.Framework.Exceptions.ServiceException: 验证码错误或已失效
         at AttcMN.System.Services.SysLoginService.ValidateCaptcha(String username, String code, String uuid) in D:\Project\gitlocal\AttcnMN\AttcMN.System\Services\SysLoginService.cs:line 108
         at AttcMN.System.Services.SysLoginService.LoginAsync(String username, String password, String code, String uuid) in D:\Project\gitlocal\AttcnMN\AttcMN.System\Services\SysLoginService.cs:line 50
         at AttcMN.Admin.SysLoginController.Login(LoginBody loginBody) in D:\Project\gitlocal\AttcnMN\AttcMN.System\Controllers\SysLoginController.cs:line 48
         at lambda_method35(Closure, Object)
         at Microsoft.AspNetCore.Mvc.Infrastructure.ActionMethodExecutor.AwaitableObjectResultExecutor.Execute(ActionContext actionContext, IActionResultTypeMapper mapper, ObjectMethodExecutor executor, Object controller, Object[] arguments)
         at Microsoft.AspNetCore.Mvc.Infrastructure.ControllerActionInvoker.<InvokeActionMethodAsync>g__Logged|12_1(ControllerActionInvoker invoker)
         at Microsoft.AspNetCore.Mvc.Infrastructure.ControllerActionInvoker.<InvokeNextActionFilterAsync>g__Awaited|10_0(ControllerActionInvoker invoker, Task lastTask, State next, Scope scope, Object state, Boolean isCompleted)
         at Microsoft.AspNetCore.Mvc.Infrastructure.ControllerActionInvoker.Rethrow(ActionExecutedContextSealed context)
         at Microsoft.AspNetCore.Mvc.Infrastructure.ControllerActionInvoker.Next(State& next, Scope& scope, Object& state, Boolean& isCompleted)
         at Microsoft.AspNetCore.Mvc.Infrastructure.ControllerActionInvoker.InvokeInnerFilterAsync()
      --- End of stack trace from previous location ---
         at Microsoft.AspNetCore.Mvc.Infrastructure.ResourceInvoker.<InvokeNextExceptionFilterAsync>g__Awaited|26_0(ResourceInvoker invoker, Task lastTask, State next, Scope scope, Object state, Boolean isCompleted)
      ++++++++++++++++++++++++++++++++++++++++++++++++++++++++
fail: 2025-11-08 11:23:03.6878819 +07:00 Saturday L System.Logging.LoggingMonitor[0] #34
      ┏━━━━━━━━━━━  Logging Monitor ━━━━━━━━━━━
      ┣ AttcMN.Admin.SysLoginController.GetInfo
      ┣ 
      ┣ 控制器名称：                     SysLoginController
      ┣ 操作名称：                       GetInfo
      ┣ 显示名称：                       
      ┣ 路由信息：                       [area]: ; [controller]: SysLogin; [action]: GetInfo
      ┣ 请求方式：                       GET
      ┣ 请求地址：                       http://localhost:58595/getInfo
      ┣ 来源地址：                       http://localhost:8888/system/user
      ┣ 请求端源：                       client
      ┣ 浏览器标识：                     Mozilla/5.0 (Windows NT 10.0; Win64; x64) AppleWebKit/537.36 (KHTML, like Gecko) Chrome/142.0.0.0 Safari/537.36
      ┣ 客户端区域语言：                 en-US,en;q=0.9,vi;q=0.8
      ┣ 客户端 IP 地址：                 0.0.0.1
      ┣ 服务端 IP 地址：                 0.0.0.1
      ┣ 客户端连接 ID：                  00-bbbef6376594a2f415184f0a8ad0925b-3cfb8e56222105f1-00
      ┣ 服务线程 ID：                    #34
      ┣ 执行耗时：                       102ms
      ┣ ━━━━━━━━━━━━━━━  Cookies ━━━━━━━━━━━━━━━
      ┣ 请求端：                         lang=en; Hm_lvt_3824e56a483ef95673d119166354712c=1761450141; .AspNetCore.Identity.Application=CfDJ8A_pruwfiuBFp_pFvYUTjgSCWWfo3Z47qZAjJE7FoJwOBU7JrpJzjuolrAeFzEwbNF5VkEIkB1K7Xw8YY4ADMgafZlElHia02YYyFnD-DqFWWHndOLt8TtLTDC_nf2LjPK2Z8uOezwyLZaxqTkKYswBf2vdQbBhP2xxqTk2yel9bdUSGdUsU5gDbVhvuu3HjxQefiZLg4UvttRgQzHMrvKpPNo7Zi2Cs3i-ZnSkjK8xID6zNmWmIpocuEQU1m05bo8bl0PbouQEKWEj8T_McPUiAB6Wsbx1CYIH_dyaxvfwSc8jVqNrfUwiOtL8HSeXuhgflYVo-E0Lw15XV8QBycaFNSdjokmWmtzx_o5_yUZBIbl64PKw64RA296cSOBL2FjxrIIALZkH7qUvHi4kJUM3LOJ9gVwaVBtWf_XTz2qJJ2HYT4JU7GNzu2bc8VeseFZoJ7S4Q04cdiz0M_ha96WcTbJ7g4btRGt1OPl0X4DcFAUh5lZmiB-Fkt1SwmyVzD23oy2CFzJ8_a_P_J00S2RRdWzWuQLil2ePO_jQeTtYAuykK-uECd3pZTukdqrxynJEMZp61pcElQQ22qJmNMhGjmHrZ10V4oqt4TgiYeVWC99-udGrZL9sbrjyvzppfag9xuPEav4b_gofla2vHe2pboyxEL0cTvAmIvP5sPa5UVgV_F_3Di_y5ehMswQjnwX0Q6inKFnKyN0cfqrpURWi_VPGZbICp37SjSCfo2LJMzYZ9H8rUKkBk_bBOfO5GLswRvsUgmmivB3dmrlIg9fxE_FIveH84nfU7E6XAlpzOPd0iLrufYDFAzSFh1xPHADIgiZwNzeuGylg0DOHc1MY; rememberMe=true; CurrentLanguageATTW=zh-tw; username=admin; password=Q5GWGyl0sCqJXSYevn3RFHvozeOsKO/Uw8w1yT+hzOpQ42v905KPUJXlRyfR+O7bfhVtMKVprZzKwZZUXosJJQ==; username-ssp-yxht=admin; rememberMe-ssp-yxht=true; password-ssp-yxht=cagnodzduhrNb0WAnyjZLNZHAzig+hdMsY5NVJ16XXNKhSvbodG9KR+zW0jL4D7JnWlXWhJifYXVUFjIB2x14g==; SecurityServicePlatformYXHT-Token=eyJhbGciOiJIUzI1NiIsInR5cCI6IkpXVCJ9.eyJsb2dpbl91c2VyX2tleSI6IjRiMjA2MGU3LTZhMzYtNDc3ZS05NzAyLTUyMmVjNTZmNjcyOSIsIlVzZXJJZCI6MSwiVXNlck5hbWUiOiJhZG1pbiIsIkRlcHRJZCI6MTAzLCJleHAiOjE3NjMxODA0OTMsImlhdCI6MTc2MjU3NTY5MywibmJmIjoxNzYyNTc1NjkzLCJpc3MiOiJydW95aS5uZXQuaXNzdWVyIiwiYXVkIjoicnVveWkubmV0LmF1ZGllbmNlIn0.BZdCzNwu-2Po80BcpgMWPzjZi9TuUaXctgSt6rqGlJs
      ┣ 响应端：                         
      ┣ ━━━━━━━━━━━━━━━  系统信息 ━━━━━━━━━━━━━━━
      ┣ 系统名称：                       Microsoft Windows 10.0.26200
      ┣ 系统架构：                       X64
      ┣ 基础框架：                       AttcMN.Framework v1.0.0.0
      ┣ .NET 架构：                      .NET 8.0.21
      ┣ ━━━━━━━━━━━━━━━  启动信息 ━━━━━━━━━━━━━━━
      ┣ 运行环境：                       Development
      ┣ 启动程序集：                     AttcMN.Admin
      ┣ 进程名称：                       iisexpress
      ┣ 托管程序：                       iisexpress
      ┣ ━━━━━━━━━━━━━━━  授权信息 ━━━━━━━━━━━━━━━
      ┣ JWT Token：                      Bearer eyJhbGciOiJIUzI1NiIsInR5cCI6IkpXVCJ9.eyJsb2dpbl91c2VyX2tleSI6IjRiMjA2MGU3LTZhMzYtNDc3ZS05NzAyLTUyMmVjNTZmNjcyOSIsIlVzZXJJZCI6MSwiVXNlck5hbWUiOiJhZG1pbiIsIkRlcHRJZCI6MTAzLCJleHAiOjE3NjMxODA0OTMsImlhdCI6MTc2MjU3NTY5MywibmJmIjoxNzYyNTc1NjkzLCJpc3MiOiJydW95aS5uZXQuaXNzdWVyIiwiYXVkIjoicnVveWkubmV0LmF1ZGllbmNlIn0.BZdCzNwu-2Po80BcpgMWPzjZi9TuUaXctgSt6rqGlJs
      ┣ 
      ┣ login_user_key (string)：        4b2060e7-6a36-477e-9702-522ec56f6729
      ┣ UserId (integer32)：             1
      ┣ UserName (string)：              admin
      ┣ DeptId (integer32)：             103
      ┣ exp (integer64)：                1763180493 (2025-11-15 11:21:33:0000(+07:00) Saturday L)
      ┣ iat (integer64)：                1762575693 (2025-11-08 11:21:33:0000(+07:00) Saturday L)
      ┣ nbf (integer64)：                1762575693 (2025-11-08 11:21:33:0000(+07:00) Saturday L)
      ┣ iss (string)：                   ruoyi.net.issuer
      ┣ aud (string)：                   ruoyi.net.audience
      ┣ ━━━━━━━━━━━━━━━  请求头信息 ━━━━━━━━━━━━━━━
      ┣ 
      ┣ Accept：                         application/json, text/plain, */*
      ┣ Accept-Encoding：                gzip, deflate, br, zstd
      ┣ Accept-Language：                en-US,en;q=0.9,vi;q=0.8
      ┣ Authorization：                  Bearer eyJhbGciOiJIUzI1NiIsInR5cCI6IkpXVCJ9.eyJsb2dpbl91c2VyX2tleSI6IjRiMjA2MGU3LTZhMzYtNDc3ZS05NzAyLTUyMmVjNTZmNjcyOSIsIlVzZXJJZCI6MSwiVXNlck5hbWUiOiJhZG1pbiIsIkRlcHRJZCI6MTAzLCJleHAiOjE3NjMxODA0OTMsImlhdCI6MTc2MjU3NTY5MywibmJmIjoxNzYyNTc1NjkzLCJpc3MiOiJydW95aS5uZXQuaXNzdWVyIiwiYXVkIjoicnVveWkubmV0LmF1ZGllbmNlIn0.BZdCzNwu-2Po80BcpgMWPzjZi9TuUaXctgSt6rqGlJs
      ┣ Cache-Control：                  no-cache
      ┣ Connection：                     close
      ┣ Cookie：                         lang=en; Hm_lvt_3824e56a483ef95673d119166354712c=1761450141; .AspNetCore.Identity.Application=CfDJ8A_pruwfiuBFp_pFvYUTjgSCWWfo3Z47qZAjJE7FoJwOBU7JrpJzjuolrAeFzEwbNF5VkEIkB1K7Xw8YY4ADMgafZlElHia02YYyFnD-DqFWWHndOLt8TtLTDC_nf2LjPK2Z8uOezwyLZaxqTkKYswBf2vdQbBhP2xxqTk2yel9bdUSGdUsU5gDbVhvuu3HjxQefiZLg4UvttRgQzHMrvKpPNo7Zi2Cs3i-ZnSkjK8xID6zNmWmIpocuEQU1m05bo8bl0PbouQEKWEj8T_McPUiAB6Wsbx1CYIH_dyaxvfwSc8jVqNrfUwiOtL8HSeXuhgflYVo-E0Lw15XV8QBycaFNSdjokmWmtzx_o5_yUZBIbl64PKw64RA296cSOBL2FjxrIIALZkH7qUvHi4kJUM3LOJ9gVwaVBtWf_XTz2qJJ2HYT4JU7GNzu2bc8VeseFZoJ7S4Q04cdiz0M_ha96WcTbJ7g4btRGt1OPl0X4DcFAUh5lZmiB-Fkt1SwmyVzD23oy2CFzJ8_a_P_J00S2RRdWzWuQLil2ePO_jQeTtYAuykK-uECd3pZTukdqrxynJEMZp61pcElQQ22qJmNMhGjmHrZ10V4oqt4TgiYeVWC99-udGrZL9sbrjyvzppfag9xuPEav4b_gofla2vHe2pboyxEL0cTvAmIvP5sPa5UVgV_F_3Di_y5ehMswQjnwX0Q6inKFnKyN0cfqrpURWi_VPGZbICp37SjSCfo2LJMzYZ9H8rUKkBk_bBOfO5GLswRvsUgmmivB3dmrlIg9fxE_FIveH84nfU7E6XAlpzOPd0iLrufYDFAzSFh1xPHADIgiZwNzeuGylg0DOHc1MY; rememberMe=true; CurrentLanguageATTW=zh-tw; username=admin; password=Q5GWGyl0sCqJXSYevn3RFHvozeOsKO/Uw8w1yT+hzOpQ42v905KPUJXlRyfR+O7bfhVtMKVprZzKwZZUXosJJQ==; username-ssp-yxht=admin; rememberMe-ssp-yxht=true; password-ssp-yxht=cagnodzduhrNb0WAnyjZLNZHAzig+hdMsY5NVJ16XXNKhSvbodG9KR+zW0jL4D7JnWlXWhJifYXVUFjIB2x14g==; SecurityServicePlatformYXHT-Token=eyJhbGciOiJIUzI1NiIsInR5cCI6IkpXVCJ9.eyJsb2dpbl91c2VyX2tleSI6IjRiMjA2MGU3LTZhMzYtNDc3ZS05NzAyLTUyMmVjNTZmNjcyOSIsIlVzZXJJZCI6MSwiVXNlck5hbWUiOiJhZG1pbiIsIkRlcHRJZCI6MTAzLCJleHAiOjE3NjMxODA0OTMsImlhdCI6MTc2MjU3NTY5MywibmJmIjoxNzYyNTc1NjkzLCJpc3MiOiJydW95aS5uZXQuaXNzdWVyIiwiYXVkIjoicnVveWkubmV0LmF1ZGllbmNlIn0.BZdCzNwu-2Po80BcpgMWPzjZi9TuUaXctgSt6rqGlJs
      ┣ Host：                           localhost:58595
      ┣ Pragma：                         no-cache
      ┣ Referer：                        http://localhost:8888/system/user
      ┣ User-Agent：                     Mozilla/5.0 (Windows NT 10.0; Win64; x64) AppleWebKit/537.36 (KHTML, like Gecko) Chrome/142.0.0.0 Safari/537.36
      ┣ sec-ch-ua-platform：             "Windows"
      ┣ sec-ch-ua：                      "Chromium";v="142", "Google Chrome";v="142", "Not_A Brand";v="99"
      ┣ locale：                         en
      ┣ sec-ch-ua-mobile：               ?0
      ┣ sec-fetch-site：                 same-origin
      ┣ sec-fetch-mode：                 cors
      ┣ sec-fetch-dest：                 empty
      ┣ ━━━━━━━━━━━━━━━  返回信息 ━━━━━━━━━━━━━━━
      ┣ HTTP响应状态码：                 200
      ┣ 原始类型：                       System.Threading.Tasks.Task<AttcMN.Framework.AjaxResult>
      ┣ 最终类型：                       
      ┣ 最终返回值：                     null
      ┣ ━━━━━━━━━━━━━━━  异常信息 ━━━━━━━━━━━━━━━
      ┣ 类型：                           AttcMN.Framework.Exceptions.ServiceException
      ┣ 消息：                           获取用户信息异常
      ┣ 错误堆栈：                       at AttcMN.Common.Utils.SecurityUtils.GetLoginUser() in D:\Project\gitlocal\AttcnMN\AttcMN.Common\Utils\SecurityUtils.cs:line 52
         at AttcMN.Admin.SysLoginController.GetInfo() in D:\Project\gitlocal\AttcnMN\AttcMN.System\Controllers\SysLoginController.cs:line 80
         at lambda_method35(Closure, Object)
         at Microsoft.AspNetCore.Mvc.Infrastructure.ActionMethodExecutor.AwaitableObjectResultExecutor.Execute(ActionContext actionContext, IActionResultTypeMapper mapper, ObjectMethodExecutor executor, Object controller, Object[] arguments)
         at Microsoft.AspNetCore.Mvc.Infrastructure.ControllerActionInvoker.<InvokeActionMethodAsync>g__Logged|12_1(ControllerActionInvoker invoker)
         at Microsoft.AspNetCore.Mvc.Infrastructure.ControllerActionInvoker.<InvokeNextActionFilterAsync>g__Awaited|10_0(ControllerActionInvoker invoker, Task lastTask, State next, Scope scope, Object state, Boolean isCompleted)
      ┗━━━━━━━━━━━  Logging Monitor ━━━━━━━━━━━      
      ++++++++++++++++++++++++++++++++++++++++++++++++++++++++
      AttcMN.Framework.Exceptions.ServiceException: 获取用户信息异常
         at AttcMN.Common.Utils.SecurityUtils.GetLoginUser() in D:\Project\gitlocal\AttcnMN\AttcMN.Common\Utils\SecurityUtils.cs:line 52
         at AttcMN.Admin.SysLoginController.GetInfo() in D:\Project\gitlocal\AttcnMN\AttcMN.System\Controllers\SysLoginController.cs:line 80
         at lambda_method35(Closure, Object)
         at Microsoft.AspNetCore.Mvc.Infrastructure.ActionMethodExecutor.AwaitableObjectResultExecutor.Execute(ActionContext actionContext, IActionResultTypeMapper mapper, ObjectMethodExecutor executor, Object controller, Object[] arguments)
         at Microsoft.AspNetCore.Mvc.Infrastructure.ControllerActionInvoker.<InvokeActionMethodAsync>g__Logged|12_1(ControllerActionInvoker invoker)
         at Microsoft.AspNetCore.Mvc.Infrastructure.ControllerActionInvoker.<InvokeNextActionFilterAsync>g__Awaited|10_0(ControllerActionInvoker invoker, Task lastTask, State next, Scope scope, Object state, Boolean isCompleted)
      ++++++++++++++++++++++++++++++++++++++++++++++++++++++++
fail: 2025-11-08 11:23:03.6944634 +07:00 Saturday L AttcMN.Framework.Filters.GlobalExceptionFilter[0] #34
      GlobalException      
      ++++++++++++++++++++++++++++++++++++++++++++++++++++++++
      AttcMN.Framework.Exceptions.ServiceException: 获取用户信息异常
         at AttcMN.Common.Utils.SecurityUtils.GetLoginUser() in D:\Project\gitlocal\AttcnMN\AttcMN.Common\Utils\SecurityUtils.cs:line 52
         at AttcMN.Admin.SysLoginController.GetInfo() in D:\Project\gitlocal\AttcnMN\AttcMN.System\Controllers\SysLoginController.cs:line 80
         at lambda_method35(Closure, Object)
         at Microsoft.AspNetCore.Mvc.Infrastructure.ActionMethodExecutor.AwaitableObjectResultExecutor.Execute(ActionContext actionContext, IActionResultTypeMapper mapper, ObjectMethodExecutor executor, Object controller, Object[] arguments)
         at Microsoft.AspNetCore.Mvc.Infrastructure.ControllerActionInvoker.<InvokeActionMethodAsync>g__Logged|12_1(ControllerActionInvoker invoker)
         at Microsoft.AspNetCore.Mvc.Infrastructure.ControllerActionInvoker.<InvokeNextActionFilterAsync>g__Awaited|10_0(ControllerActionInvoker invoker, Task lastTask, State next, Scope scope, Object state, Boolean isCompleted)
         at Microsoft.AspNetCore.Mvc.Infrastructure.ControllerActionInvoker.Rethrow(ActionExecutedContextSealed context)
         at Microsoft.AspNetCore.Mvc.Infrastructure.ControllerActionInvoker.Next(State& next, Scope& scope, Object& state, Boolean& isCompleted)
         at Microsoft.AspNetCore.Mvc.Infrastructure.ControllerActionInvoker.InvokeInnerFilterAsync()
      --- End of stack trace from previous location ---
         at Microsoft.AspNetCore.Mvc.Infrastructure.ResourceInvoker.<InvokeNextExceptionFilterAsync>g__Awaited|26_0(ResourceInvoker invoker, Task lastTask, State next, Scope scope, Object state, Boolean isCompleted)
      ++++++++++++++++++++++++++++++++++++++++++++++++++++++++
fail: 2025-11-08 13:00:11.5186326 +07:00 Saturday L System.Logging.LoggingMonitor[0] #52
      ┏━━━━━━━━━━━  Logging Monitor ━━━━━━━━━━━
      ┣ AttcMN.Admin.SysLoginController.GetInfo
      ┣ 
      ┣ 控制器名称：                     SysLoginController
      ┣ 操作名称：                       GetInfo
      ┣ 显示名称：                       
      ┣ 路由信息：                       [area]: ; [controller]: SysLogin; [action]: GetInfo
      ┣ 请求方式：                       GET
      ┣ 请求地址：                       http://localhost:58595/getInfo
      ┣ 来源地址：                       http://localhost:8888/system/role
      ┣ 请求端源：                       client
      ┣ 浏览器标识：                     Mozilla/5.0 (Windows NT 10.0; Win64; x64) AppleWebKit/537.36 (KHTML, like Gecko) Chrome/142.0.0.0 Safari/537.36
      ┣ 客户端区域语言：                 en-US,en;q=0.9,vi;q=0.8
      ┣ 客户端 IP 地址：                 0.0.0.1
      ┣ 服务端 IP 地址：                 0.0.0.1
      ┣ 客户端连接 ID：                  00-ca67bf18c5fb6c7a37a06f449701c134-a14940d0d8d958bc-00
      ┣ 服务线程 ID：                    #52
      ┣ 执行耗时：                       163ms
      ┣ ━━━━━━━━━━━━━━━  Cookies ━━━━━━━━━━━━━━━
      ┣ 请求端：                         lang=en; Hm_lvt_3824e56a483ef95673d119166354712c=1761450141; .AspNetCore.Identity.Application=CfDJ8A_pruwfiuBFp_pFvYUTjgSCWWfo3Z47qZAjJE7FoJwOBU7JrpJzjuolrAeFzEwbNF5VkEIkB1K7Xw8YY4ADMgafZlElHia02YYyFnD-DqFWWHndOLt8TtLTDC_nf2LjPK2Z8uOezwyLZaxqTkKYswBf2vdQbBhP2xxqTk2yel9bdUSGdUsU5gDbVhvuu3HjxQefiZLg4UvttRgQzHMrvKpPNo7Zi2Cs3i-ZnSkjK8xID6zNmWmIpocuEQU1m05bo8bl0PbouQEKWEj8T_McPUiAB6Wsbx1CYIH_dyaxvfwSc8jVqNrfUwiOtL8HSeXuhgflYVo-E0Lw15XV8QBycaFNSdjokmWmtzx_o5_yUZBIbl64PKw64RA296cSOBL2FjxrIIALZkH7qUvHi4kJUM3LOJ9gVwaVBtWf_XTz2qJJ2HYT4JU7GNzu2bc8VeseFZoJ7S4Q04cdiz0M_ha96WcTbJ7g4btRGt1OPl0X4DcFAUh5lZmiB-Fkt1SwmyVzD23oy2CFzJ8_a_P_J00S2RRdWzWuQLil2ePO_jQeTtYAuykK-uECd3pZTukdqrxynJEMZp61pcElQQ22qJmNMhGjmHrZ10V4oqt4TgiYeVWC99-udGrZL9sbrjyvzppfag9xuPEav4b_gofla2vHe2pboyxEL0cTvAmIvP5sPa5UVgV_F_3Di_y5ehMswQjnwX0Q6inKFnKyN0cfqrpURWi_VPGZbICp37SjSCfo2LJMzYZ9H8rUKkBk_bBOfO5GLswRvsUgmmivB3dmrlIg9fxE_FIveH84nfU7E6XAlpzOPd0iLrufYDFAzSFh1xPHADIgiZwNzeuGylg0DOHc1MY; rememberMe=true; CurrentLanguageATTW=zh-tw; username=admin; password=Q5GWGyl0sCqJXSYevn3RFHvozeOsKO/Uw8w1yT+hzOpQ42v905KPUJXlRyfR+O7bfhVtMKVprZzKwZZUXosJJQ==; username-ssp-yxht=admin; rememberMe-ssp-yxht=true; password-ssp-yxht=QJXtPTkbkKpfQwcsOFfUgaxUUmGwUR4peuvE6YIpBgGL8w5xrcxMDkgwmMQCbuyfcACdDga5UTcFQdqkiqIi3g==; SecurityServicePlatformYXHT-Token=eyJhbGciOiJIUzI1NiIsInR5cCI6IkpXVCJ9.eyJsb2dpbl91c2VyX2tleSI6IjJiZDMyNjg2LTJmM2EtNDczNy05N2ZiLWY0N2U1Y2E1M2I0MCIsIlVzZXJJZCI6MSwiVXNlck5hbWUiOiJhZG1pbiIsIkRlcHRJZCI6MTAzLCJleHAiOjE3NjMxODA1OTMsImlhdCI6MTc2MjU3NTc5MywibmJmIjoxNzYyNTc1NzkzLCJpc3MiOiJydW95aS5uZXQuaXNzdWVyIiwiYXVkIjoicnVveWkubmV0LmF1ZGllbmNlIn0.o4vqQL8aL62MEHX5p4AX52waxm2oj4MrCjSWlBNrp4U
      ┣ 响应端：                         
      ┣ ━━━━━━━━━━━━━━━  系统信息 ━━━━━━━━━━━━━━━
      ┣ 系统名称：                       Microsoft Windows 10.0.26200
      ┣ 系统架构：                       X64
      ┣ 基础框架：                       AttcMN.Framework v1.0.0.0
      ┣ .NET 架构：                      .NET 8.0.21
      ┣ ━━━━━━━━━━━━━━━  启动信息 ━━━━━━━━━━━━━━━
      ┣ 运行环境：                       Development
      ┣ 启动程序集：                     AttcMN.Admin
      ┣ 进程名称：                       iisexpress
      ┣ 托管程序：                       iisexpress
      ┣ ━━━━━━━━━━━━━━━  授权信息 ━━━━━━━━━━━━━━━
      ┣ JWT Token：                      Bearer eyJhbGciOiJIUzI1NiIsInR5cCI6IkpXVCJ9.eyJsb2dpbl91c2VyX2tleSI6IjJiZDMyNjg2LTJmM2EtNDczNy05N2ZiLWY0N2U1Y2E1M2I0MCIsIlVzZXJJZCI6MSwiVXNlck5hbWUiOiJhZG1pbiIsIkRlcHRJZCI6MTAzLCJleHAiOjE3NjMxODA1OTMsImlhdCI6MTc2MjU3NTc5MywibmJmIjoxNzYyNTc1NzkzLCJpc3MiOiJydW95aS5uZXQuaXNzdWVyIiwiYXVkIjoicnVveWkubmV0LmF1ZGllbmNlIn0.o4vqQL8aL62MEHX5p4AX52waxm2oj4MrCjSWlBNrp4U
      ┣ 
      ┣ login_user_key (string)：        2bd32686-2f3a-4737-97fb-f47e5ca53b40
      ┣ UserId (integer32)：             1
      ┣ UserName (string)：              admin
      ┣ DeptId (integer32)：             103
      ┣ exp (integer64)：                1763180593 (2025-11-15 11:23:13:0000(+07:00) Saturday L)
      ┣ iat (integer64)：                1762575793 (2025-11-08 11:23:13:0000(+07:00) Saturday L)
      ┣ nbf (integer64)：                1762575793 (2025-11-08 11:23:13:0000(+07:00) Saturday L)
      ┣ iss (string)：                   ruoyi.net.issuer
      ┣ aud (string)：                   ruoyi.net.audience
      ┣ ━━━━━━━━━━━━━━━  请求头信息 ━━━━━━━━━━━━━━━
      ┣ 
      ┣ Accept：                         application/json, text/plain, */*
      ┣ Accept-Encoding：                gzip, deflate, br, zstd
      ┣ Accept-Language：                en-US,en;q=0.9,vi;q=0.8
      ┣ Authorization：                  Bearer eyJhbGciOiJIUzI1NiIsInR5cCI6IkpXVCJ9.eyJsb2dpbl91c2VyX2tleSI6IjJiZDMyNjg2LTJmM2EtNDczNy05N2ZiLWY0N2U1Y2E1M2I0MCIsIlVzZXJJZCI6MSwiVXNlck5hbWUiOiJhZG1pbiIsIkRlcHRJZCI6MTAzLCJleHAiOjE3NjMxODA1OTMsImlhdCI6MTc2MjU3NTc5MywibmJmIjoxNzYyNTc1NzkzLCJpc3MiOiJydW95aS5uZXQuaXNzdWVyIiwiYXVkIjoicnVveWkubmV0LmF1ZGllbmNlIn0.o4vqQL8aL62MEHX5p4AX52waxm2oj4MrCjSWlBNrp4U
      ┣ Cache-Control：                  no-cache
      ┣ Connection：                     close
      ┣ Cookie：                         lang=en; Hm_lvt_3824e56a483ef95673d119166354712c=1761450141; .AspNetCore.Identity.Application=CfDJ8A_pruwfiuBFp_pFvYUTjgSCWWfo3Z47qZAjJE7FoJwOBU7JrpJzjuolrAeFzEwbNF5VkEIkB1K7Xw8YY4ADMgafZlElHia02YYyFnD-DqFWWHndOLt8TtLTDC_nf2LjPK2Z8uOezwyLZaxqTkKYswBf2vdQbBhP2xxqTk2yel9bdUSGdUsU5gDbVhvuu3HjxQefiZLg4UvttRgQzHMrvKpPNo7Zi2Cs3i-ZnSkjK8xID6zNmWmIpocuEQU1m05bo8bl0PbouQEKWEj8T_McPUiAB6Wsbx1CYIH_dyaxvfwSc8jVqNrfUwiOtL8HSeXuhgflYVo-E0Lw15XV8QBycaFNSdjokmWmtzx_o5_yUZBIbl64PKw64RA296cSOBL2FjxrIIALZkH7qUvHi4kJUM3LOJ9gVwaVBtWf_XTz2qJJ2HYT4JU7GNzu2bc8VeseFZoJ7S4Q04cdiz0M_ha96WcTbJ7g4btRGt1OPl0X4DcFAUh5lZmiB-Fkt1SwmyVzD23oy2CFzJ8_a_P_J00S2RRdWzWuQLil2ePO_jQeTtYAuykK-uECd3pZTukdqrxynJEMZp61pcElQQ22qJmNMhGjmHrZ10V4oqt4TgiYeVWC99-udGrZL9sbrjyvzppfag9xuPEav4b_gofla2vHe2pboyxEL0cTvAmIvP5sPa5UVgV_F_3Di_y5ehMswQjnwX0Q6inKFnKyN0cfqrpURWi_VPGZbICp37SjSCfo2LJMzYZ9H8rUKkBk_bBOfO5GLswRvsUgmmivB3dmrlIg9fxE_FIveH84nfU7E6XAlpzOPd0iLrufYDFAzSFh1xPHADIgiZwNzeuGylg0DOHc1MY; rememberMe=true; CurrentLanguageATTW=zh-tw; username=admin; password=Q5GWGyl0sCqJXSYevn3RFHvozeOsKO/Uw8w1yT+hzOpQ42v905KPUJXlRyfR+O7bfhVtMKVprZzKwZZUXosJJQ==; username-ssp-yxht=admin; rememberMe-ssp-yxht=true; password-ssp-yxht=QJXtPTkbkKpfQwcsOFfUgaxUUmGwUR4peuvE6YIpBgGL8w5xrcxMDkgwmMQCbuyfcACdDga5UTcFQdqkiqIi3g==; SecurityServicePlatformYXHT-Token=eyJhbGciOiJIUzI1NiIsInR5cCI6IkpXVCJ9.eyJsb2dpbl91c2VyX2tleSI6IjJiZDMyNjg2LTJmM2EtNDczNy05N2ZiLWY0N2U1Y2E1M2I0MCIsIlVzZXJJZCI6MSwiVXNlck5hbWUiOiJhZG1pbiIsIkRlcHRJZCI6MTAzLCJleHAiOjE3NjMxODA1OTMsImlhdCI6MTc2MjU3NTc5MywibmJmIjoxNzYyNTc1NzkzLCJpc3MiOiJydW95aS5uZXQuaXNzdWVyIiwiYXVkIjoicnVveWkubmV0LmF1ZGllbmNlIn0.o4vqQL8aL62MEHX5p4AX52waxm2oj4MrCjSWlBNrp4U
      ┣ Host：                           localhost:58595
      ┣ Pragma：                         no-cache
      ┣ Referer：                        http://localhost:8888/system/role
      ┣ User-Agent：                     Mozilla/5.0 (Windows NT 10.0; Win64; x64) AppleWebKit/537.36 (KHTML, like Gecko) Chrome/142.0.0.0 Safari/537.36
      ┣ sec-ch-ua-platform：             "Windows"
      ┣ sec-ch-ua：                      "Chromium";v="142", "Google Chrome";v="142", "Not_A Brand";v="99"
      ┣ locale：                         zh
      ┣ sec-ch-ua-mobile：               ?0
      ┣ sec-fetch-site：                 same-origin
      ┣ sec-fetch-mode：                 cors
      ┣ sec-fetch-dest：                 empty
      ┣ ━━━━━━━━━━━━━━━  返回信息 ━━━━━━━━━━━━━━━
      ┣ HTTP响应状态码：                 200
      ┣ 原始类型：                       System.Threading.Tasks.Task<AttcMN.Framework.AjaxResult>
      ┣ 最终类型：                       
      ┣ 最终返回值：                     null
      ┣ ━━━━━━━━━━━━━━━  异常信息 ━━━━━━━━━━━━━━━
      ┣ 类型：                           AttcMN.Framework.Exceptions.ServiceException
      ┣ 消息：                           获取用户信息异常
      ┣ 错误堆栈：                       at AttcMN.Common.Utils.SecurityUtils.GetLoginUser() in D:\Project\gitlocal\AttcnMN\AttcMN.Common\Utils\SecurityUtils.cs:line 52
         at AttcMN.Admin.SysLoginController.GetInfo() in D:\Project\gitlocal\AttcnMN\AttcMN.System\Controllers\SysLoginController.cs:line 80
         at lambda_method35(Closure, Object)
         at Microsoft.AspNetCore.Mvc.Infrastructure.ActionMethodExecutor.AwaitableObjectResultExecutor.Execute(ActionContext actionContext, IActionResultTypeMapper mapper, ObjectMethodExecutor executor, Object controller, Object[] arguments)
         at Microsoft.AspNetCore.Mvc.Infrastructure.ControllerActionInvoker.<InvokeActionMethodAsync>g__Logged|12_1(ControllerActionInvoker invoker)
         at Microsoft.AspNetCore.Mvc.Infrastructure.ControllerActionInvoker.<InvokeNextActionFilterAsync>g__Awaited|10_0(ControllerActionInvoker invoker, Task lastTask, State next, Scope scope, Object state, Boolean isCompleted)
      ┗━━━━━━━━━━━  Logging Monitor ━━━━━━━━━━━      
      ++++++++++++++++++++++++++++++++++++++++++++++++++++++++
      AttcMN.Framework.Exceptions.ServiceException: 获取用户信息异常
         at AttcMN.Common.Utils.SecurityUtils.GetLoginUser() in D:\Project\gitlocal\AttcnMN\AttcMN.Common\Utils\SecurityUtils.cs:line 52
         at AttcMN.Admin.SysLoginController.GetInfo() in D:\Project\gitlocal\AttcnMN\AttcMN.System\Controllers\SysLoginController.cs:line 80
         at lambda_method35(Closure, Object)
         at Microsoft.AspNetCore.Mvc.Infrastructure.ActionMethodExecutor.AwaitableObjectResultExecutor.Execute(ActionContext actionContext, IActionResultTypeMapper mapper, ObjectMethodExecutor executor, Object controller, Object[] arguments)
         at Microsoft.AspNetCore.Mvc.Infrastructure.ControllerActionInvoker.<InvokeActionMethodAsync>g__Logged|12_1(ControllerActionInvoker invoker)
         at Microsoft.AspNetCore.Mvc.Infrastructure.ControllerActionInvoker.<InvokeNextActionFilterAsync>g__Awaited|10_0(ControllerActionInvoker invoker, Task lastTask, State next, Scope scope, Object state, Boolean isCompleted)
      ++++++++++++++++++++++++++++++++++++++++++++++++++++++++
fail: 2025-11-08 13:00:11.5312892 +07:00 Saturday L AttcMN.Framework.Filters.GlobalExceptionFilter[0] #52
      GlobalException      
      ++++++++++++++++++++++++++++++++++++++++++++++++++++++++
      AttcMN.Framework.Exceptions.ServiceException: 获取用户信息异常
         at AttcMN.Common.Utils.SecurityUtils.GetLoginUser() in D:\Project\gitlocal\AttcnMN\AttcMN.Common\Utils\SecurityUtils.cs:line 52
         at AttcMN.Admin.SysLoginController.GetInfo() in D:\Project\gitlocal\AttcnMN\AttcMN.System\Controllers\SysLoginController.cs:line 80
         at lambda_method35(Closure, Object)
         at Microsoft.AspNetCore.Mvc.Infrastructure.ActionMethodExecutor.AwaitableObjectResultExecutor.Execute(ActionContext actionContext, IActionResultTypeMapper mapper, ObjectMethodExecutor executor, Object controller, Object[] arguments)
         at Microsoft.AspNetCore.Mvc.Infrastructure.ControllerActionInvoker.<InvokeActionMethodAsync>g__Logged|12_1(ControllerActionInvoker invoker)
         at Microsoft.AspNetCore.Mvc.Infrastructure.ControllerActionInvoker.<InvokeNextActionFilterAsync>g__Awaited|10_0(ControllerActionInvoker invoker, Task lastTask, State next, Scope scope, Object state, Boolean isCompleted)
         at Microsoft.AspNetCore.Mvc.Infrastructure.ControllerActionInvoker.Rethrow(ActionExecutedContextSealed context)
         at Microsoft.AspNetCore.Mvc.Infrastructure.ControllerActionInvoker.Next(State& next, Scope& scope, Object& state, Boolean& isCompleted)
         at Microsoft.AspNetCore.Mvc.Infrastructure.ControllerActionInvoker.InvokeInnerFilterAsync()
      --- End of stack trace from previous location ---
         at Microsoft.AspNetCore.Mvc.Infrastructure.ResourceInvoker.<InvokeNextExceptionFilterAsync>g__Awaited|26_0(ResourceInvoker invoker, Task lastTask, State next, Scope scope, Object state, Boolean isCompleted)
      ++++++++++++++++++++++++++++++++++++++++++++++++++++++++
fail: 2025-11-08 13:02:37.3286148 +07:00 Saturday L System.Logging.LoggingMonitor[0] #34
      ┏━━━━━━━━━━━  Logging Monitor ━━━━━━━━━━━
      ┣ AttcMN.Admin.SysLoginController.GetInfo
      ┣ 
      ┣ 控制器名称：                     SysLoginController
      ┣ 操作名称：                       GetInfo
      ┣ 显示名称：                       
      ┣ 路由信息：                       [area]: ; [controller]: SysLogin; [action]: GetInfo
      ┣ 请求方式：                       GET
      ┣ 请求地址：                       http://localhost:58595/getInfo
      ┣ 来源地址：                       http://localhost:8888/index
      ┣ 请求端源：                       client
      ┣ 浏览器标识：                     Mozilla/5.0 (Windows NT 10.0; Win64; x64) AppleWebKit/537.36 (KHTML, like Gecko) Chrome/142.0.0.0 Safari/537.36
      ┣ 客户端区域语言：                 en-US,en;q=0.9,vi;q=0.8
      ┣ 客户端 IP 地址：                 0.0.0.1
      ┣ 服务端 IP 地址：                 0.0.0.1
      ┣ 客户端连接 ID：                  00-9b3dac59b4f20fee31ea7ac09f765d3a-c2cd97a43678edd0-00
      ┣ 服务线程 ID：                    #34
      ┣ 执行耗时：                       86ms
      ┣ ━━━━━━━━━━━━━━━  Cookies ━━━━━━━━━━━━━━━
      ┣ 请求端：                         lang=en; Hm_lvt_3824e56a483ef95673d119166354712c=1761450141; .AspNetCore.Identity.Application=CfDJ8A_pruwfiuBFp_pFvYUTjgSCWWfo3Z47qZAjJE7FoJwOBU7JrpJzjuolrAeFzEwbNF5VkEIkB1K7Xw8YY4ADMgafZlElHia02YYyFnD-DqFWWHndOLt8TtLTDC_nf2LjPK2Z8uOezwyLZaxqTkKYswBf2vdQbBhP2xxqTk2yel9bdUSGdUsU5gDbVhvuu3HjxQefiZLg4UvttRgQzHMrvKpPNo7Zi2Cs3i-ZnSkjK8xID6zNmWmIpocuEQU1m05bo8bl0PbouQEKWEj8T_McPUiAB6Wsbx1CYIH_dyaxvfwSc8jVqNrfUwiOtL8HSeXuhgflYVo-E0Lw15XV8QBycaFNSdjokmWmtzx_o5_yUZBIbl64PKw64RA296cSOBL2FjxrIIALZkH7qUvHi4kJUM3LOJ9gVwaVBtWf_XTz2qJJ2HYT4JU7GNzu2bc8VeseFZoJ7S4Q04cdiz0M_ha96WcTbJ7g4btRGt1OPl0X4DcFAUh5lZmiB-Fkt1SwmyVzD23oy2CFzJ8_a_P_J00S2RRdWzWuQLil2ePO_jQeTtYAuykK-uECd3pZTukdqrxynJEMZp61pcElQQ22qJmNMhGjmHrZ10V4oqt4TgiYeVWC99-udGrZL9sbrjyvzppfag9xuPEav4b_gofla2vHe2pboyxEL0cTvAmIvP5sPa5UVgV_F_3Di_y5ehMswQjnwX0Q6inKFnKyN0cfqrpURWi_VPGZbICp37SjSCfo2LJMzYZ9H8rUKkBk_bBOfO5GLswRvsUgmmivB3dmrlIg9fxE_FIveH84nfU7E6XAlpzOPd0iLrufYDFAzSFh1xPHADIgiZwNzeuGylg0DOHc1MY; rememberMe=true; CurrentLanguageATTW=zh-tw; username=admin; password=Q5GWGyl0sCqJXSYevn3RFHvozeOsKO/Uw8w1yT+hzOpQ42v905KPUJXlRyfR+O7bfhVtMKVprZzKwZZUXosJJQ==; username-ssp-yxht=admin; rememberMe-ssp-yxht=true; password-ssp-yxht=cMrQYl0OEtgw/suBPYpD0IwV3ANjls3SCP7APx5+C6fPVQ64W84liisM4Crd6TjZwIwr+cLvha8GF+QR6Tt3+w==; SecurityServicePlatformYXHT-Token=eyJhbGciOiJIUzI1NiIsInR5cCI6IkpXVCJ9.eyJsb2dpbl91c2VyX2tleSI6ImY4NjJiODUyLWFkOTktNDJiMi1hZjc5LTNmMmFmMjAzMDkwZSIsIlVzZXJJZCI6MSwiVXNlck5hbWUiOiJhZG1pbiIsIkRlcHRJZCI6MTAzLCJleHAiOjE3NjMxODY0MjEsImlhdCI6MTc2MjU4MTYyMSwibmJmIjoxNzYyNTgxNjIxLCJpc3MiOiJydW95aS5uZXQuaXNzdWVyIiwiYXVkIjoicnVveWkubmV0LmF1ZGllbmNlIn0.K7kvWCvcRTyYr2Z_OGsI0CRPYQE8i1aX-kE-6bbD4_c
      ┣ 响应端：                         
      ┣ ━━━━━━━━━━━━━━━  系统信息 ━━━━━━━━━━━━━━━
      ┣ 系统名称：                       Microsoft Windows 10.0.26200
      ┣ 系统架构：                       X64
      ┣ 基础框架：                       AttcMN.Framework v1.0.0.0
      ┣ .NET 架构：                      .NET 8.0.21
      ┣ ━━━━━━━━━━━━━━━  启动信息 ━━━━━━━━━━━━━━━
      ┣ 运行环境：                       Development
      ┣ 启动程序集：                     AttcMN.Admin
      ┣ 进程名称：                       iisexpress
      ┣ 托管程序：                       iisexpress
      ┣ ━━━━━━━━━━━━━━━  授权信息 ━━━━━━━━━━━━━━━
      ┣ JWT Token：                      Bearer eyJhbGciOiJIUzI1NiIsInR5cCI6IkpXVCJ9.eyJsb2dpbl91c2VyX2tleSI6ImY4NjJiODUyLWFkOTktNDJiMi1hZjc5LTNmMmFmMjAzMDkwZSIsIlVzZXJJZCI6MSwiVXNlck5hbWUiOiJhZG1pbiIsIkRlcHRJZCI6MTAzLCJleHAiOjE3NjMxODY0MjEsImlhdCI6MTc2MjU4MTYyMSwibmJmIjoxNzYyNTgxNjIxLCJpc3MiOiJydW95aS5uZXQuaXNzdWVyIiwiYXVkIjoicnVveWkubmV0LmF1ZGllbmNlIn0.K7kvWCvcRTyYr2Z_OGsI0CRPYQE8i1aX-kE-6bbD4_c
      ┣ 
      ┣ login_user_key (string)：        f862b852-ad99-42b2-af79-3f2af203090e
      ┣ UserId (integer32)：             1
      ┣ UserName (string)：              admin
      ┣ DeptId (integer32)：             103
      ┣ exp (integer64)：                1763186421 (2025-11-15 13:00:21:0000(+07:00) Saturday L)
      ┣ iat (integer64)：                1762581621 (2025-11-08 13:00:21:0000(+07:00) Saturday L)
      ┣ nbf (integer64)：                1762581621 (2025-11-08 13:00:21:0000(+07:00) Saturday L)
      ┣ iss (string)：                   ruoyi.net.issuer
      ┣ aud (string)：                   ruoyi.net.audience
      ┣ ━━━━━━━━━━━━━━━  请求头信息 ━━━━━━━━━━━━━━━
      ┣ 
      ┣ Accept：                         application/json, text/plain, */*
      ┣ Accept-Encoding：                gzip, deflate, br, zstd
      ┣ Accept-Language：                en-US,en;q=0.9,vi;q=0.8
      ┣ Authorization：                  Bearer eyJhbGciOiJIUzI1NiIsInR5cCI6IkpXVCJ9.eyJsb2dpbl91c2VyX2tleSI6ImY4NjJiODUyLWFkOTktNDJiMi1hZjc5LTNmMmFmMjAzMDkwZSIsIlVzZXJJZCI6MSwiVXNlck5hbWUiOiJhZG1pbiIsIkRlcHRJZCI6MTAzLCJleHAiOjE3NjMxODY0MjEsImlhdCI6MTc2MjU4MTYyMSwibmJmIjoxNzYyNTgxNjIxLCJpc3MiOiJydW95aS5uZXQuaXNzdWVyIiwiYXVkIjoicnVveWkubmV0LmF1ZGllbmNlIn0.K7kvWCvcRTyYr2Z_OGsI0CRPYQE8i1aX-kE-6bbD4_c
      ┣ Cache-Control：                  no-cache
      ┣ Connection：                     close
      ┣ Cookie：                         lang=en; Hm_lvt_3824e56a483ef95673d119166354712c=1761450141; .AspNetCore.Identity.Application=CfDJ8A_pruwfiuBFp_pFvYUTjgSCWWfo3Z47qZAjJE7FoJwOBU7JrpJzjuolrAeFzEwbNF5VkEIkB1K7Xw8YY4ADMgafZlElHia02YYyFnD-DqFWWHndOLt8TtLTDC_nf2LjPK2Z8uOezwyLZaxqTkKYswBf2vdQbBhP2xxqTk2yel9bdUSGdUsU5gDbVhvuu3HjxQefiZLg4UvttRgQzHMrvKpPNo7Zi2Cs3i-ZnSkjK8xID6zNmWmIpocuEQU1m05bo8bl0PbouQEKWEj8T_McPUiAB6Wsbx1CYIH_dyaxvfwSc8jVqNrfUwiOtL8HSeXuhgflYVo-E0Lw15XV8QBycaFNSdjokmWmtzx_o5_yUZBIbl64PKw64RA296cSOBL2FjxrIIALZkH7qUvHi4kJUM3LOJ9gVwaVBtWf_XTz2qJJ2HYT4JU7GNzu2bc8VeseFZoJ7S4Q04cdiz0M_ha96WcTbJ7g4btRGt1OPl0X4DcFAUh5lZmiB-Fkt1SwmyVzD23oy2CFzJ8_a_P_J00S2RRdWzWuQLil2ePO_jQeTtYAuykK-uECd3pZTukdqrxynJEMZp61pcElQQ22qJmNMhGjmHrZ10V4oqt4TgiYeVWC99-udGrZL9sbrjyvzppfag9xuPEav4b_gofla2vHe2pboyxEL0cTvAmIvP5sPa5UVgV_F_3Di_y5ehMswQjnwX0Q6inKFnKyN0cfqrpURWi_VPGZbICp37SjSCfo2LJMzYZ9H8rUKkBk_bBOfO5GLswRvsUgmmivB3dmrlIg9fxE_FIveH84nfU7E6XAlpzOPd0iLrufYDFAzSFh1xPHADIgiZwNzeuGylg0DOHc1MY; rememberMe=true; CurrentLanguageATTW=zh-tw; username=admin; password=Q5GWGyl0sCqJXSYevn3RFHvozeOsKO/Uw8w1yT+hzOpQ42v905KPUJXlRyfR+O7bfhVtMKVprZzKwZZUXosJJQ==; username-ssp-yxht=admin; rememberMe-ssp-yxht=true; password-ssp-yxht=cMrQYl0OEtgw/suBPYpD0IwV3ANjls3SCP7APx5+C6fPVQ64W84liisM4Crd6TjZwIwr+cLvha8GF+QR6Tt3+w==; SecurityServicePlatformYXHT-Token=eyJhbGciOiJIUzI1NiIsInR5cCI6IkpXVCJ9.eyJsb2dpbl91c2VyX2tleSI6ImY4NjJiODUyLWFkOTktNDJiMi1hZjc5LTNmMmFmMjAzMDkwZSIsIlVzZXJJZCI6MSwiVXNlck5hbWUiOiJhZG1pbiIsIkRlcHRJZCI6MTAzLCJleHAiOjE3NjMxODY0MjEsImlhdCI6MTc2MjU4MTYyMSwibmJmIjoxNzYyNTgxNjIxLCJpc3MiOiJydW95aS5uZXQuaXNzdWVyIiwiYXVkIjoicnVveWkubmV0LmF1ZGllbmNlIn0.K7kvWCvcRTyYr2Z_OGsI0CRPYQE8i1aX-kE-6bbD4_c
      ┣ Host：                           localhost:58595
      ┣ Pragma：                         no-cache
      ┣ Referer：                        http://localhost:8888/index
      ┣ User-Agent：                     Mozilla/5.0 (Windows NT 10.0; Win64; x64) AppleWebKit/537.36 (KHTML, like Gecko) Chrome/142.0.0.0 Safari/537.36
      ┣ sec-ch-ua-platform：             "Windows"
      ┣ sec-ch-ua：                      "Chromium";v="142", "Google Chrome";v="142", "Not_A Brand";v="99"
      ┣ locale：                         en
      ┣ sec-ch-ua-mobile：               ?0
      ┣ sec-fetch-site：                 same-origin
      ┣ sec-fetch-mode：                 cors
      ┣ sec-fetch-dest：                 empty
      ┣ ━━━━━━━━━━━━━━━  返回信息 ━━━━━━━━━━━━━━━
      ┣ HTTP响应状态码：                 200
      ┣ 原始类型：                       System.Threading.Tasks.Task<AttcMN.Framework.AjaxResult>
      ┣ 最终类型：                       
      ┣ 最终返回值：                     null
      ┣ ━━━━━━━━━━━━━━━  异常信息 ━━━━━━━━━━━━━━━
      ┣ 类型：                           AttcMN.Framework.Exceptions.ServiceException
      ┣ 消息：                           获取用户信息异常
      ┣ 错误堆栈：                       at AttcMN.Common.Utils.SecurityUtils.GetLoginUser() in D:\Project\gitlocal\AttcnMN\AttcMN.Common\Utils\SecurityUtils.cs:line 52
         at AttcMN.Admin.SysLoginController.GetInfo() in D:\Project\gitlocal\AttcnMN\AttcMN.System\Controllers\SysLoginController.cs:line 80
         at lambda_method35(Closure, Object)
         at Microsoft.AspNetCore.Mvc.Infrastructure.ActionMethodExecutor.AwaitableObjectResultExecutor.Execute(ActionContext actionContext, IActionResultTypeMapper mapper, ObjectMethodExecutor executor, Object controller, Object[] arguments)
         at Microsoft.AspNetCore.Mvc.Infrastructure.ControllerActionInvoker.<InvokeActionMethodAsync>g__Logged|12_1(ControllerActionInvoker invoker)
         at Microsoft.AspNetCore.Mvc.Infrastructure.ControllerActionInvoker.<InvokeNextActionFilterAsync>g__Awaited|10_0(ControllerActionInvoker invoker, Task lastTask, State next, Scope scope, Object state, Boolean isCompleted)
      ┗━━━━━━━━━━━  Logging Monitor ━━━━━━━━━━━      
      ++++++++++++++++++++++++++++++++++++++++++++++++++++++++
      AttcMN.Framework.Exceptions.ServiceException: 获取用户信息异常
         at AttcMN.Common.Utils.SecurityUtils.GetLoginUser() in D:\Project\gitlocal\AttcnMN\AttcMN.Common\Utils\SecurityUtils.cs:line 52
         at AttcMN.Admin.SysLoginController.GetInfo() in D:\Project\gitlocal\AttcnMN\AttcMN.System\Controllers\SysLoginController.cs:line 80
         at lambda_method35(Closure, Object)
         at Microsoft.AspNetCore.Mvc.Infrastructure.ActionMethodExecutor.AwaitableObjectResultExecutor.Execute(ActionContext actionContext, IActionResultTypeMapper mapper, ObjectMethodExecutor executor, Object controller, Object[] arguments)
         at Microsoft.AspNetCore.Mvc.Infrastructure.ControllerActionInvoker.<InvokeActionMethodAsync>g__Logged|12_1(ControllerActionInvoker invoker)
         at Microsoft.AspNetCore.Mvc.Infrastructure.ControllerActionInvoker.<InvokeNextActionFilterAsync>g__Awaited|10_0(ControllerActionInvoker invoker, Task lastTask, State next, Scope scope, Object state, Boolean isCompleted)
      ++++++++++++++++++++++++++++++++++++++++++++++++++++++++
fail: 2025-11-08 13:02:37.3339651 +07:00 Saturday L AttcMN.Framework.Filters.GlobalExceptionFilter[0] #34
      GlobalException      
      ++++++++++++++++++++++++++++++++++++++++++++++++++++++++
      AttcMN.Framework.Exceptions.ServiceException: 获取用户信息异常
         at AttcMN.Common.Utils.SecurityUtils.GetLoginUser() in D:\Project\gitlocal\AttcnMN\AttcMN.Common\Utils\SecurityUtils.cs:line 52
         at AttcMN.Admin.SysLoginController.GetInfo() in D:\Project\gitlocal\AttcnMN\AttcMN.System\Controllers\SysLoginController.cs:line 80
         at lambda_method35(Closure, Object)
         at Microsoft.AspNetCore.Mvc.Infrastructure.ActionMethodExecutor.AwaitableObjectResultExecutor.Execute(ActionContext actionContext, IActionResultTypeMapper mapper, ObjectMethodExecutor executor, Object controller, Object[] arguments)
         at Microsoft.AspNetCore.Mvc.Infrastructure.ControllerActionInvoker.<InvokeActionMethodAsync>g__Logged|12_1(ControllerActionInvoker invoker)
         at Microsoft.AspNetCore.Mvc.Infrastructure.ControllerActionInvoker.<InvokeNextActionFilterAsync>g__Awaited|10_0(ControllerActionInvoker invoker, Task lastTask, State next, Scope scope, Object state, Boolean isCompleted)
         at Microsoft.AspNetCore.Mvc.Infrastructure.ControllerActionInvoker.Rethrow(ActionExecutedContextSealed context)
         at Microsoft.AspNetCore.Mvc.Infrastructure.ControllerActionInvoker.Next(State& next, Scope& scope, Object& state, Boolean& isCompleted)
         at Microsoft.AspNetCore.Mvc.Infrastructure.ControllerActionInvoker.InvokeInnerFilterAsync()
      --- End of stack trace from previous location ---
         at Microsoft.AspNetCore.Mvc.Infrastructure.ResourceInvoker.<InvokeNextExceptionFilterAsync>g__Awaited|26_0(ResourceInvoker invoker, Task lastTask, State next, Scope scope, Object state, Boolean isCompleted)
      ++++++++++++++++++++++++++++++++++++++++++++++++++++++++
fail: 2025-11-08 16:50:17.6158880 +07:00 Saturday L System.Logging.LoggingMonitor[0] #34
      ┏━━━━━━━━━━━  Logging Monitor ━━━━━━━━━━━
      ┣ AttcMN.Admin.SysLoginController.Login
      ┣ 
      ┣ 控制器名称：                   SysLoginController
      ┣ 操作名称：                     Login
      ┣ 显示名称：                     
      ┣ 路由信息：                     [area]: ; [controller]: SysLogin; [action]: Login
      ┣ 请求方式：                     POST
      ┣ 请求地址：                     http://localhost:58595/login
      ┣ 来源地址：                     http://localhost:8889/login?redirect=/index
      ┣ 请求端源：                     client
      ┣ 浏览器标识：                   Mozilla/5.0 (Windows NT 10.0; Win64; x64) AppleWebKit/537.36 (KHTML, like Gecko) Chrome/142.0.0.0 Safari/537.36
      ┣ 客户端区域语言：               en-US,en;q=0.9,vi;q=0.8
      ┣ 客户端 IP 地址：               0.0.0.1
      ┣ 服务端 IP 地址：               0.0.0.1
      ┣ 客户端连接 ID：                00-41219d216cee9fbd47d0b3b1fe926408-4cad4db9ddde906f-00
      ┣ 服务线程 ID：                  #54
      ┣ 执行耗时：                     326ms
      ┣ ━━━━━━━━━━━━━━━  Cookies ━━━━━━━━━━━━━━━
      ┣ 请求端：                       lang=en; Hm_lvt_3824e56a483ef95673d119166354712c=1761450141; .AspNetCore.Identity.Application=CfDJ8A_pruwfiuBFp_pFvYUTjgSCWWfo3Z47qZAjJE7FoJwOBU7JrpJzjuolrAeFzEwbNF5VkEIkB1K7Xw8YY4ADMgafZlElHia02YYyFnD-DqFWWHndOLt8TtLTDC_nf2LjPK2Z8uOezwyLZaxqTkKYswBf2vdQbBhP2xxqTk2yel9bdUSGdUsU5gDbVhvuu3HjxQefiZLg4UvttRgQzHMrvKpPNo7Zi2Cs3i-ZnSkjK8xID6zNmWmIpocuEQU1m05bo8bl0PbouQEKWEj8T_McPUiAB6Wsbx1CYIH_dyaxvfwSc8jVqNrfUwiOtL8HSeXuhgflYVo-E0Lw15XV8QBycaFNSdjokmWmtzx_o5_yUZBIbl64PKw64RA296cSOBL2FjxrIIALZkH7qUvHi4kJUM3LOJ9gVwaVBtWf_XTz2qJJ2HYT4JU7GNzu2bc8VeseFZoJ7S4Q04cdiz0M_ha96WcTbJ7g4btRGt1OPl0X4DcFAUh5lZmiB-Fkt1SwmyVzD23oy2CFzJ8_a_P_J00S2RRdWzWuQLil2ePO_jQeTtYAuykK-uECd3pZTukdqrxynJEMZp61pcElQQ22qJmNMhGjmHrZ10V4oqt4TgiYeVWC99-udGrZL9sbrjyvzppfag9xuPEav4b_gofla2vHe2pboyxEL0cTvAmIvP5sPa5UVgV_F_3Di_y5ehMswQjnwX0Q6inKFnKyN0cfqrpURWi_VPGZbICp37SjSCfo2LJMzYZ9H8rUKkBk_bBOfO5GLswRvsUgmmivB3dmrlIg9fxE_FIveH84nfU7E6XAlpzOPd0iLrufYDFAzSFh1xPHADIgiZwNzeuGylg0DOHc1MY; rememberMe=true; CurrentLanguageATTW=zh-tw; username=admin; password=Q5GWGyl0sCqJXSYevn3RFHvozeOsKO/Uw8w1yT+hzOpQ42v905KPUJXlRyfR+O7bfhVtMKVprZzKwZZUXosJJQ==; rememberMe-ssp-yxht=true; sidebarStatus=1; username-ssp-yxht=ry; password-ssp-yxht=iJUdS3XiBfWKdotbrChXRLD/DqhQUJ/j9lBQ5+2T4BarHADTdG4DWfhG5xw+VAM4KQ5K+jSejV/xbk/Vbs7/jA==
      ┣ 响应端：                       
      ┣ ━━━━━━━━━━━━━━━  系统信息 ━━━━━━━━━━━━━━━
      ┣ 系统名称：                     Microsoft Windows 10.0.26200
      ┣ 系统架构：                     X64
      ┣ 基础框架：                     AttcMN.Framework v1.0.0.0
      ┣ .NET 架构：                    .NET 8.0.21
      ┣ ━━━━━━━━━━━━━━━  启动信息 ━━━━━━━━━━━━━━━
      ┣ 运行环境：                     Development
      ┣ 启动程序集：                   AttcMN.Admin
      ┣ 进程名称：                     iisexpress
      ┣ 托管程序：                     iisexpress
      ┣ ━━━━━━━━━━━━━━━  请求头信息 ━━━━━━━━━━━━━━━
      ┣ 
      ┣ Accept：                       application/json, text/plain, */*
      ┣ Accept-Encoding：              gzip, deflate, br, zstd
      ┣ Accept-Language：              en-US,en;q=0.9,vi;q=0.8
      ┣ Connection：                   close
      ┣ Content-Length：               96
      ┣ Content-Type：                 application/json;charset=UTF-8
      ┣ Cookie：                       lang=en; Hm_lvt_3824e56a483ef95673d119166354712c=1761450141; .AspNetCore.Identity.Application=CfDJ8A_pruwfiuBFp_pFvYUTjgSCWWfo3Z47qZAjJE7FoJwOBU7JrpJzjuolrAeFzEwbNF5VkEIkB1K7Xw8YY4ADMgafZlElHia02YYyFnD-DqFWWHndOLt8TtLTDC_nf2LjPK2Z8uOezwyLZaxqTkKYswBf2vdQbBhP2xxqTk2yel9bdUSGdUsU5gDbVhvuu3HjxQefiZLg4UvttRgQzHMrvKpPNo7Zi2Cs3i-ZnSkjK8xID6zNmWmIpocuEQU1m05bo8bl0PbouQEKWEj8T_McPUiAB6Wsbx1CYIH_dyaxvfwSc8jVqNrfUwiOtL8HSeXuhgflYVo-E0Lw15XV8QBycaFNSdjokmWmtzx_o5_yUZBIbl64PKw64RA296cSOBL2FjxrIIALZkH7qUvHi4kJUM3LOJ9gVwaVBtWf_XTz2qJJ2HYT4JU7GNzu2bc8VeseFZoJ7S4Q04cdiz0M_ha96WcTbJ7g4btRGt1OPl0X4DcFAUh5lZmiB-Fkt1SwmyVzD23oy2CFzJ8_a_P_J00S2RRdWzWuQLil2ePO_jQeTtYAuykK-uECd3pZTukdqrxynJEMZp61pcElQQ22qJmNMhGjmHrZ10V4oqt4TgiYeVWC99-udGrZL9sbrjyvzppfag9xuPEav4b_gofla2vHe2pboyxEL0cTvAmIvP5sPa5UVgV_F_3Di_y5ehMswQjnwX0Q6inKFnKyN0cfqrpURWi_VPGZbICp37SjSCfo2LJMzYZ9H8rUKkBk_bBOfO5GLswRvsUgmmivB3dmrlIg9fxE_FIveH84nfU7E6XAlpzOPd0iLrufYDFAzSFh1xPHADIgiZwNzeuGylg0DOHc1MY; rememberMe=true; CurrentLanguageATTW=zh-tw; username=admin; password=Q5GWGyl0sCqJXSYevn3RFHvozeOsKO/Uw8w1yT+hzOpQ42v905KPUJXlRyfR+O7bfhVtMKVprZzKwZZUXosJJQ==; rememberMe-ssp-yxht=true; sidebarStatus=1; username-ssp-yxht=ry; password-ssp-yxht=iJUdS3XiBfWKdotbrChXRLD/DqhQUJ/j9lBQ5+2T4BarHADTdG4DWfhG5xw+VAM4KQ5K+jSejV/xbk/Vbs7/jA==
      ┣ Host：                         localhost:58595
      ┣ Referer：                      http://localhost:8889/login?redirect=/index
      ┣ User-Agent：                   Mozilla/5.0 (Windows NT 10.0; Win64; x64) AppleWebKit/537.36 (KHTML, like Gecko) Chrome/142.0.0.0 Safari/537.36
      ┣ sec-ch-ua-platform：           "Windows"
      ┣ sec-ch-ua：                    "Chromium";v="142", "Google Chrome";v="142", "Not_A Brand";v="99"
      ┣ sec-ch-ua-mobile：             ?0
      ┣ origin：                       http://localhost:8889
      ┣ sec-fetch-site：               same-origin
      ┣ sec-fetch-mode：               cors
      ┣ sec-fetch-dest：               empty
      ┣ ━━━━━━━━━━━━━━━  参数列表 ━━━━━━━━━━━━━━━
      ┣ Content-Type：                 application/json;charset=UTF-8
      ┣ 
      ┣ loginBody (LoginBody)：        {"username":"ry","password":"admin123","code":"7","uuid":"d9d41a61-8730-4f96-b637-df3f262d9cbc"}
      ┣ ━━━━━━━━━━━━━━━  返回信息 ━━━━━━━━━━━━━━━
      ┣ HTTP响应状态码：               200
      ┣ 原始类型：                     System.Threading.Tasks.Task<AttcMN.Framework.AjaxResult>
      ┣ 最终类型：                     
      ┣ 最终返回值：                   null
      ┣ ━━━━━━━━━━━━━━━  异常信息 ━━━━━━━━━━━━━━━
      ┣ 类型：                         AttcMN.Framework.Exceptions.ServiceException
      ┣ 消息：                         用户不存在/密码错误
      ┣ 错误堆栈：                     at AttcMN.System.Services.SysPasswordService.Validate(String username, String password, SysUserDto user) in D:\Project\gitlocal\AttcnMN\AttcMN.System\Services\SysPasswordService.cs:line 65
         at AttcMN.System.Services.SysLoginService.CheckLoginUser(String username, String password, SysUserDto user) in D:\Project\gitlocal\AttcnMN\AttcMN.System\Services\SysLoginService.cs:line 86
         at AttcMN.System.Services.SysLoginService.LoginAsync(String username, String password, String code, String uuid) in D:\Project\gitlocal\AttcnMN\AttcMN.System\Services\SysLoginService.cs:line 55
         at AttcMN.Admin.SysLoginController.Login(LoginBody loginBody) in D:\Project\gitlocal\AttcnMN\AttcMN.System\Controllers\SysLoginController.cs:line 48
         at lambda_method691(Closure, Object)
         at Microsoft.AspNetCore.Mvc.Infrastructure.ActionMethodExecutor.AwaitableObjectResultExecutor.Execute(ActionContext actionContext, IActionResultTypeMapper mapper, ObjectMethodExecutor executor, Object controller, Object[] arguments)
         at Microsoft.AspNetCore.Mvc.Infrastructure.ControllerActionInvoker.<InvokeActionMethodAsync>g__Logged|12_1(ControllerActionInvoker invoker)
         at Microsoft.AspNetCore.Mvc.Infrastructure.ControllerActionInvoker.<InvokeNextActionFilterAsync>g__Awaited|10_0(ControllerActionInvoker invoker, Task lastTask, State next, Scope scope, Object state, Boolean isCompleted)
      ┗━━━━━━━━━━━  Logging Monitor ━━━━━━━━━━━      
      ++++++++++++++++++++++++++++++++++++++++++++++++++++++++
      AttcMN.Framework.Exceptions.ServiceException: 用户不存在/密码错误
         at AttcMN.System.Services.SysPasswordService.Validate(String username, String password, SysUserDto user) in D:\Project\gitlocal\AttcnMN\AttcMN.System\Services\SysPasswordService.cs:line 65
         at AttcMN.System.Services.SysLoginService.CheckLoginUser(String username, String password, SysUserDto user) in D:\Project\gitlocal\AttcnMN\AttcMN.System\Services\SysLoginService.cs:line 86
         at AttcMN.System.Services.SysLoginService.LoginAsync(String username, String password, String code, String uuid) in D:\Project\gitlocal\AttcnMN\AttcMN.System\Services\SysLoginService.cs:line 55
         at AttcMN.Admin.SysLoginController.Login(LoginBody loginBody) in D:\Project\gitlocal\AttcnMN\AttcMN.System\Controllers\SysLoginController.cs:line 48
         at lambda_method691(Closure, Object)
         at Microsoft.AspNetCore.Mvc.Infrastructure.ActionMethodExecutor.AwaitableObjectResultExecutor.Execute(ActionContext actionContext, IActionResultTypeMapper mapper, ObjectMethodExecutor executor, Object controller, Object[] arguments)
         at Microsoft.AspNetCore.Mvc.Infrastructure.ControllerActionInvoker.<InvokeActionMethodAsync>g__Logged|12_1(ControllerActionInvoker invoker)
         at Microsoft.AspNetCore.Mvc.Infrastructure.ControllerActionInvoker.<InvokeNextActionFilterAsync>g__Awaited|10_0(ControllerActionInvoker invoker, Task lastTask, State next, Scope scope, Object state, Boolean isCompleted)
      ++++++++++++++++++++++++++++++++++++++++++++++++++++++++
fail: 2025-11-08 16:50:17.6262406 +07:00 Saturday L AttcMN.Framework.Filters.GlobalExceptionFilter[0] #34
      GlobalException      
      ++++++++++++++++++++++++++++++++++++++++++++++++++++++++
      AttcMN.Framework.Exceptions.ServiceException: 用户不存在/密码错误
         at AttcMN.System.Services.SysPasswordService.Validate(String username, String password, SysUserDto user) in D:\Project\gitlocal\AttcnMN\AttcMN.System\Services\SysPasswordService.cs:line 65
         at AttcMN.System.Services.SysLoginService.CheckLoginUser(String username, String password, SysUserDto user) in D:\Project\gitlocal\AttcnMN\AttcMN.System\Services\SysLoginService.cs:line 86
         at AttcMN.System.Services.SysLoginService.LoginAsync(String username, String password, String code, String uuid) in D:\Project\gitlocal\AttcnMN\AttcMN.System\Services\SysLoginService.cs:line 55
         at AttcMN.Admin.SysLoginController.Login(LoginBody loginBody) in D:\Project\gitlocal\AttcnMN\AttcMN.System\Controllers\SysLoginController.cs:line 48
         at lambda_method691(Closure, Object)
         at Microsoft.AspNetCore.Mvc.Infrastructure.ActionMethodExecutor.AwaitableObjectResultExecutor.Execute(ActionContext actionContext, IActionResultTypeMapper mapper, ObjectMethodExecutor executor, Object controller, Object[] arguments)
         at Microsoft.AspNetCore.Mvc.Infrastructure.ControllerActionInvoker.<InvokeActionMethodAsync>g__Logged|12_1(ControllerActionInvoker invoker)
         at Microsoft.AspNetCore.Mvc.Infrastructure.ControllerActionInvoker.<InvokeNextActionFilterAsync>g__Awaited|10_0(ControllerActionInvoker invoker, Task lastTask, State next, Scope scope, Object state, Boolean isCompleted)
         at Microsoft.AspNetCore.Mvc.Infrastructure.ControllerActionInvoker.Rethrow(ActionExecutedContextSealed context)
         at Microsoft.AspNetCore.Mvc.Infrastructure.ControllerActionInvoker.Next(State& next, Scope& scope, Object& state, Boolean& isCompleted)
         at Microsoft.AspNetCore.Mvc.Infrastructure.ControllerActionInvoker.<InvokeInnerFilterAsync>g__Awaited|13_0(ControllerActionInvoker invoker, Task lastTask, State next, Scope scope, Object state, Boolean isCompleted)
         at Microsoft.AspNetCore.Mvc.Infrastructure.ResourceInvoker.<InvokeNextExceptionFilterAsync>g__Awaited|26_0(ResourceInvoker invoker, Task lastTask, State next, Scope scope, Object state, Boolean isCompleted)
      ++++++++++++++++++++++++++++++++++++++++++++++++++++++++
fail: 2025-11-08 16:50:24.5800864 +07:00 Saturday L System.Logging.LoggingMonitor[0] #45
      ┏━━━━━━━━━━━  Logging Monitor ━━━━━━━━━━━
      ┣ AttcMN.Admin.SysLoginController.Login
      ┣ 
      ┣ 控制器名称：                   SysLoginController
      ┣ 操作名称：                     Login
      ┣ 显示名称：                     
      ┣ 路由信息：                     [area]: ; [controller]: SysLogin; [action]: Login
      ┣ 请求方式：                     POST
      ┣ 请求地址：                     http://localhost:58595/login
      ┣ 来源地址：                     http://localhost:8889/login?redirect=/index
      ┣ 请求端源：                     client
      ┣ 浏览器标识：                   Mozilla/5.0 (Windows NT 10.0; Win64; x64) AppleWebKit/537.36 (KHTML, like Gecko) Chrome/142.0.0.0 Safari/537.36
      ┣ 客户端区域语言：               en-US,en;q=0.9,vi;q=0.8
      ┣ 客户端 IP 地址：               0.0.0.1
      ┣ 服务端 IP 地址：               0.0.0.1
      ┣ 客户端连接 ID：                00-f27ef634911dfbdb66d467dc6ff41b66-5b9f4438dc0d9f46-00
      ┣ 服务线程 ID：                  #35
      ┣ 执行耗时：                     57ms
      ┣ ━━━━━━━━━━━━━━━  Cookies ━━━━━━━━━━━━━━━
      ┣ 请求端：                       lang=en; Hm_lvt_3824e56a483ef95673d119166354712c=1761450141; .AspNetCore.Identity.Application=CfDJ8A_pruwfiuBFp_pFvYUTjgSCWWfo3Z47qZAjJE7FoJwOBU7JrpJzjuolrAeFzEwbNF5VkEIkB1K7Xw8YY4ADMgafZlElHia02YYyFnD-DqFWWHndOLt8TtLTDC_nf2LjPK2Z8uOezwyLZaxqTkKYswBf2vdQbBhP2xxqTk2yel9bdUSGdUsU5gDbVhvuu3HjxQefiZLg4UvttRgQzHMrvKpPNo7Zi2Cs3i-ZnSkjK8xID6zNmWmIpocuEQU1m05bo8bl0PbouQEKWEj8T_McPUiAB6Wsbx1CYIH_dyaxvfwSc8jVqNrfUwiOtL8HSeXuhgflYVo-E0Lw15XV8QBycaFNSdjokmWmtzx_o5_yUZBIbl64PKw64RA296cSOBL2FjxrIIALZkH7qUvHi4kJUM3LOJ9gVwaVBtWf_XTz2qJJ2HYT4JU7GNzu2bc8VeseFZoJ7S4Q04cdiz0M_ha96WcTbJ7g4btRGt1OPl0X4DcFAUh5lZmiB-Fkt1SwmyVzD23oy2CFzJ8_a_P_J00S2RRdWzWuQLil2ePO_jQeTtYAuykK-uECd3pZTukdqrxynJEMZp61pcElQQ22qJmNMhGjmHrZ10V4oqt4TgiYeVWC99-udGrZL9sbrjyvzppfag9xuPEav4b_gofla2vHe2pboyxEL0cTvAmIvP5sPa5UVgV_F_3Di_y5ehMswQjnwX0Q6inKFnKyN0cfqrpURWi_VPGZbICp37SjSCfo2LJMzYZ9H8rUKkBk_bBOfO5GLswRvsUgmmivB3dmrlIg9fxE_FIveH84nfU7E6XAlpzOPd0iLrufYDFAzSFh1xPHADIgiZwNzeuGylg0DOHc1MY; rememberMe=true; CurrentLanguageATTW=zh-tw; username=admin; password=Q5GWGyl0sCqJXSYevn3RFHvozeOsKO/Uw8w1yT+hzOpQ42v905KPUJXlRyfR+O7bfhVtMKVprZzKwZZUXosJJQ==; rememberMe-ssp-yxht=true; sidebarStatus=1; username-ssp-yxht=ry; password-ssp-yxht=R4/lU3tYcViVdGQXxjntVYwLbnK2dAojJStF2UJvsC/3s+yFMJJaT3iGtFn8AxukgqR4ESDKhJQmYNVzl5dUhw==
      ┣ 响应端：                       
      ┣ ━━━━━━━━━━━━━━━  系统信息 ━━━━━━━━━━━━━━━
      ┣ 系统名称：                     Microsoft Windows 10.0.26200
      ┣ 系统架构：                     X64
      ┣ 基础框架：                     AttcMN.Framework v1.0.0.0
      ┣ .NET 架构：                    .NET 8.0.21
      ┣ ━━━━━━━━━━━━━━━  启动信息 ━━━━━━━━━━━━━━━
      ┣ 运行环境：                     Development
      ┣ 启动程序集：                   AttcMN.Admin
      ┣ 进程名称：                     iisexpress
      ┣ 托管程序：                     iisexpress
      ┣ ━━━━━━━━━━━━━━━  请求头信息 ━━━━━━━━━━━━━━━
      ┣ 
      ┣ Accept：                       application/json, text/plain, */*
      ┣ Accept-Encoding：              gzip, deflate, br, zstd
      ┣ Accept-Language：              en-US,en;q=0.9,vi;q=0.8
      ┣ Connection：                   close
      ┣ Content-Length：               96
      ┣ Content-Type：                 application/json;charset=UTF-8
      ┣ Cookie：                       lang=en; Hm_lvt_3824e56a483ef95673d119166354712c=1761450141; .AspNetCore.Identity.Application=CfDJ8A_pruwfiuBFp_pFvYUTjgSCWWfo3Z47qZAjJE7FoJwOBU7JrpJzjuolrAeFzEwbNF5VkEIkB1K7Xw8YY4ADMgafZlElHia02YYyFnD-DqFWWHndOLt8TtLTDC_nf2LjPK2Z8uOezwyLZaxqTkKYswBf2vdQbBhP2xxqTk2yel9bdUSGdUsU5gDbVhvuu3HjxQefiZLg4UvttRgQzHMrvKpPNo7Zi2Cs3i-ZnSkjK8xID6zNmWmIpocuEQU1m05bo8bl0PbouQEKWEj8T_McPUiAB6Wsbx1CYIH_dyaxvfwSc8jVqNrfUwiOtL8HSeXuhgflYVo-E0Lw15XV8QBycaFNSdjokmWmtzx_o5_yUZBIbl64PKw64RA296cSOBL2FjxrIIALZkH7qUvHi4kJUM3LOJ9gVwaVBtWf_XTz2qJJ2HYT4JU7GNzu2bc8VeseFZoJ7S4Q04cdiz0M_ha96WcTbJ7g4btRGt1OPl0X4DcFAUh5lZmiB-Fkt1SwmyVzD23oy2CFzJ8_a_P_J00S2RRdWzWuQLil2ePO_jQeTtYAuykK-uECd3pZTukdqrxynJEMZp61pcElQQ22qJmNMhGjmHrZ10V4oqt4TgiYeVWC99-udGrZL9sbrjyvzppfag9xuPEav4b_gofla2vHe2pboyxEL0cTvAmIvP5sPa5UVgV_F_3Di_y5ehMswQjnwX0Q6inKFnKyN0cfqrpURWi_VPGZbICp37SjSCfo2LJMzYZ9H8rUKkBk_bBOfO5GLswRvsUgmmivB3dmrlIg9fxE_FIveH84nfU7E6XAlpzOPd0iLrufYDFAzSFh1xPHADIgiZwNzeuGylg0DOHc1MY; rememberMe=true; CurrentLanguageATTW=zh-tw; username=admin; password=Q5GWGyl0sCqJXSYevn3RFHvozeOsKO/Uw8w1yT+hzOpQ42v905KPUJXlRyfR+O7bfhVtMKVprZzKwZZUXosJJQ==; rememberMe-ssp-yxht=true; sidebarStatus=1; username-ssp-yxht=ry; password-ssp-yxht=R4/lU3tYcViVdGQXxjntVYwLbnK2dAojJStF2UJvsC/3s+yFMJJaT3iGtFn8AxukgqR4ESDKhJQmYNVzl5dUhw==
      ┣ Host：                         localhost:58595
      ┣ Referer：                      http://localhost:8889/login?redirect=/index
      ┣ User-Agent：                   Mozilla/5.0 (Windows NT 10.0; Win64; x64) AppleWebKit/537.36 (KHTML, like Gecko) Chrome/142.0.0.0 Safari/537.36
      ┣ sec-ch-ua-platform：           "Windows"
      ┣ sec-ch-ua：                    "Chromium";v="142", "Google Chrome";v="142", "Not_A Brand";v="99"
      ┣ sec-ch-ua-mobile：             ?0
      ┣ origin：                       http://localhost:8889
      ┣ sec-fetch-site：               same-origin
      ┣ sec-fetch-mode：               cors
      ┣ sec-fetch-dest：               empty
      ┣ ━━━━━━━━━━━━━━━  参数列表 ━━━━━━━━━━━━━━━
      ┣ Content-Type：                 application/json;charset=UTF-8
      ┣ 
      ┣ loginBody (LoginBody)：        {"username":"ry","password":"admin123","code":"3","uuid":"b21c086b-eb05-4062-94f6-98c41967100b"}
      ┣ ━━━━━━━━━━━━━━━  返回信息 ━━━━━━━━━━━━━━━
      ┣ HTTP响应状态码：               200
      ┣ 原始类型：                     System.Threading.Tasks.Task<AttcMN.Framework.AjaxResult>
      ┣ 最终类型：                     
      ┣ 最终返回值：                   null
      ┣ ━━━━━━━━━━━━━━━  异常信息 ━━━━━━━━━━━━━━━
      ┣ 类型：                         AttcMN.Framework.Exceptions.ServiceException
      ┣ 消息：                         用户不存在/密码错误
      ┣ 错误堆栈：                     at AttcMN.System.Services.SysPasswordService.Validate(String username, String password, SysUserDto user) in D:\Project\gitlocal\AttcnMN\AttcMN.System\Services\SysPasswordService.cs:line 65
         at AttcMN.System.Services.SysLoginService.CheckLoginUser(String username, String password, SysUserDto user) in D:\Project\gitlocal\AttcnMN\AttcMN.System\Services\SysLoginService.cs:line 86
         at AttcMN.System.Services.SysLoginService.LoginAsync(String username, String password, String code, String uuid) in D:\Project\gitlocal\AttcnMN\AttcMN.System\Services\SysLoginService.cs:line 55
         at AttcMN.Admin.SysLoginController.Login(LoginBody loginBody) in D:\Project\gitlocal\AttcnMN\AttcMN.System\Controllers\SysLoginController.cs:line 48
         at lambda_method691(Closure, Object)
         at Microsoft.AspNetCore.Mvc.Infrastructure.ActionMethodExecutor.AwaitableObjectResultExecutor.Execute(ActionContext actionContext, IActionResultTypeMapper mapper, ObjectMethodExecutor executor, Object controller, Object[] arguments)
         at Microsoft.AspNetCore.Mvc.Infrastructure.ControllerActionInvoker.<InvokeActionMethodAsync>g__Logged|12_1(ControllerActionInvoker invoker)
         at Microsoft.AspNetCore.Mvc.Infrastructure.ControllerActionInvoker.<InvokeNextActionFilterAsync>g__Awaited|10_0(ControllerActionInvoker invoker, Task lastTask, State next, Scope scope, Object state, Boolean isCompleted)
      ┗━━━━━━━━━━━  Logging Monitor ━━━━━━━━━━━      
      ++++++++++++++++++++++++++++++++++++++++++++++++++++++++
      AttcMN.Framework.Exceptions.ServiceException: 用户不存在/密码错误
         at AttcMN.System.Services.SysPasswordService.Validate(String username, String password, SysUserDto user) in D:\Project\gitlocal\AttcnMN\AttcMN.System\Services\SysPasswordService.cs:line 65
         at AttcMN.System.Services.SysLoginService.CheckLoginUser(String username, String password, SysUserDto user) in D:\Project\gitlocal\AttcnMN\AttcMN.System\Services\SysLoginService.cs:line 86
         at AttcMN.System.Services.SysLoginService.LoginAsync(String username, String password, String code, String uuid) in D:\Project\gitlocal\AttcnMN\AttcMN.System\Services\SysLoginService.cs:line 55
         at AttcMN.Admin.SysLoginController.Login(LoginBody loginBody) in D:\Project\gitlocal\AttcnMN\AttcMN.System\Controllers\SysLoginController.cs:line 48
         at lambda_method691(Closure, Object)
         at Microsoft.AspNetCore.Mvc.Infrastructure.ActionMethodExecutor.AwaitableObjectResultExecutor.Execute(ActionContext actionContext, IActionResultTypeMapper mapper, ObjectMethodExecutor executor, Object controller, Object[] arguments)
         at Microsoft.AspNetCore.Mvc.Infrastructure.ControllerActionInvoker.<InvokeActionMethodAsync>g__Logged|12_1(ControllerActionInvoker invoker)
         at Microsoft.AspNetCore.Mvc.Infrastructure.ControllerActionInvoker.<InvokeNextActionFilterAsync>g__Awaited|10_0(ControllerActionInvoker invoker, Task lastTask, State next, Scope scope, Object state, Boolean isCompleted)
      ++++++++++++++++++++++++++++++++++++++++++++++++++++++++
fail: 2025-11-08 16:50:24.5836345 +07:00 Saturday L AttcMN.Framework.Filters.GlobalExceptionFilter[0] #45
      GlobalException      
      ++++++++++++++++++++++++++++++++++++++++++++++++++++++++
      AttcMN.Framework.Exceptions.ServiceException: 用户不存在/密码错误
         at AttcMN.System.Services.SysPasswordService.Validate(String username, String password, SysUserDto user) in D:\Project\gitlocal\AttcnMN\AttcMN.System\Services\SysPasswordService.cs:line 65
         at AttcMN.System.Services.SysLoginService.CheckLoginUser(String username, String password, SysUserDto user) in D:\Project\gitlocal\AttcnMN\AttcMN.System\Services\SysLoginService.cs:line 86
         at AttcMN.System.Services.SysLoginService.LoginAsync(String username, String password, String code, String uuid) in D:\Project\gitlocal\AttcnMN\AttcMN.System\Services\SysLoginService.cs:line 55
         at AttcMN.Admin.SysLoginController.Login(LoginBody loginBody) in D:\Project\gitlocal\AttcnMN\AttcMN.System\Controllers\SysLoginController.cs:line 48
         at lambda_method691(Closure, Object)
         at Microsoft.AspNetCore.Mvc.Infrastructure.ActionMethodExecutor.AwaitableObjectResultExecutor.Execute(ActionContext actionContext, IActionResultTypeMapper mapper, ObjectMethodExecutor executor, Object controller, Object[] arguments)
         at Microsoft.AspNetCore.Mvc.Infrastructure.ControllerActionInvoker.<InvokeActionMethodAsync>g__Logged|12_1(ControllerActionInvoker invoker)
         at Microsoft.AspNetCore.Mvc.Infrastructure.ControllerActionInvoker.<InvokeNextActionFilterAsync>g__Awaited|10_0(ControllerActionInvoker invoker, Task lastTask, State next, Scope scope, Object state, Boolean isCompleted)
         at Microsoft.AspNetCore.Mvc.Infrastructure.ControllerActionInvoker.Rethrow(ActionExecutedContextSealed context)
         at Microsoft.AspNetCore.Mvc.Infrastructure.ControllerActionInvoker.Next(State& next, Scope& scope, Object& state, Boolean& isCompleted)
         at Microsoft.AspNetCore.Mvc.Infrastructure.ControllerActionInvoker.<InvokeInnerFilterAsync>g__Awaited|13_0(ControllerActionInvoker invoker, Task lastTask, State next, Scope scope, Object state, Boolean isCompleted)
         at Microsoft.AspNetCore.Mvc.Infrastructure.ResourceInvoker.<InvokeNextExceptionFilterAsync>g__Awaited|26_0(ResourceInvoker invoker, Task lastTask, State next, Scope scope, Object state, Boolean isCompleted)
      ++++++++++++++++++++++++++++++++++++++++++++++++++++++++
fail: 2025-11-08 16:50:31.0149006 +07:00 Saturday L System.Logging.LoggingMonitor[0] #45
      ┏━━━━━━━━━━━  Logging Monitor ━━━━━━━━━━━
      ┣ AttcMN.Admin.SysLoginController.Login
      ┣ 
      ┣ 控制器名称：                   SysLoginController
      ┣ 操作名称：                     Login
      ┣ 显示名称：                     
      ┣ 路由信息：                     [area]: ; [controller]: SysLogin; [action]: Login
      ┣ 请求方式：                     POST
      ┣ 请求地址：                     http://localhost:58595/login
      ┣ 来源地址：                     http://localhost:8889/login?redirect=/index
      ┣ 请求端源：                     client
      ┣ 浏览器标识：                   Mozilla/5.0 (Windows NT 10.0; Win64; x64) AppleWebKit/537.36 (KHTML, like Gecko) Chrome/142.0.0.0 Safari/537.36
      ┣ 客户端区域语言：               en-US,en;q=0.9,vi;q=0.8
      ┣ 客户端 IP 地址：               0.0.0.1
      ┣ 服务端 IP 地址：               0.0.0.1
      ┣ 客户端连接 ID：                00-de8327d666045148281fbbba8be24b65-9e6c277b5d244f54-00
      ┣ 服务线程 ID：                  #45
      ┣ 执行耗时：                     54ms
      ┣ ━━━━━━━━━━━━━━━  Cookies ━━━━━━━━━━━━━━━
      ┣ 请求端：                       lang=en; Hm_lvt_3824e56a483ef95673d119166354712c=1761450141; .AspNetCore.Identity.Application=CfDJ8A_pruwfiuBFp_pFvYUTjgSCWWfo3Z47qZAjJE7FoJwOBU7JrpJzjuolrAeFzEwbNF5VkEIkB1K7Xw8YY4ADMgafZlElHia02YYyFnD-DqFWWHndOLt8TtLTDC_nf2LjPK2Z8uOezwyLZaxqTkKYswBf2vdQbBhP2xxqTk2yel9bdUSGdUsU5gDbVhvuu3HjxQefiZLg4UvttRgQzHMrvKpPNo7Zi2Cs3i-ZnSkjK8xID6zNmWmIpocuEQU1m05bo8bl0PbouQEKWEj8T_McPUiAB6Wsbx1CYIH_dyaxvfwSc8jVqNrfUwiOtL8HSeXuhgflYVo-E0Lw15XV8QBycaFNSdjokmWmtzx_o5_yUZBIbl64PKw64RA296cSOBL2FjxrIIALZkH7qUvHi4kJUM3LOJ9gVwaVBtWf_XTz2qJJ2HYT4JU7GNzu2bc8VeseFZoJ7S4Q04cdiz0M_ha96WcTbJ7g4btRGt1OPl0X4DcFAUh5lZmiB-Fkt1SwmyVzD23oy2CFzJ8_a_P_J00S2RRdWzWuQLil2ePO_jQeTtYAuykK-uECd3pZTukdqrxynJEMZp61pcElQQ22qJmNMhGjmHrZ10V4oqt4TgiYeVWC99-udGrZL9sbrjyvzppfag9xuPEav4b_gofla2vHe2pboyxEL0cTvAmIvP5sPa5UVgV_F_3Di_y5ehMswQjnwX0Q6inKFnKyN0cfqrpURWi_VPGZbICp37SjSCfo2LJMzYZ9H8rUKkBk_bBOfO5GLswRvsUgmmivB3dmrlIg9fxE_FIveH84nfU7E6XAlpzOPd0iLrufYDFAzSFh1xPHADIgiZwNzeuGylg0DOHc1MY; rememberMe=true; CurrentLanguageATTW=zh-tw; username=admin; password=Q5GWGyl0sCqJXSYevn3RFHvozeOsKO/Uw8w1yT+hzOpQ42v905KPUJXlRyfR+O7bfhVtMKVprZzKwZZUXosJJQ==; rememberMe-ssp-yxht=true; sidebarStatus=1; username-ssp-yxht=ry; password-ssp-yxht=GzMLMsKtpgMRAWbfje5beuCsmvtZ0gS0Yt025d+1FtRoQE3UsQKOyR/lPkbycRmNmQHUI7sHqsoe9Ux/IxSNbA==
      ┣ 响应端：                       
      ┣ ━━━━━━━━━━━━━━━  系统信息 ━━━━━━━━━━━━━━━
      ┣ 系统名称：                     Microsoft Windows 10.0.26200
      ┣ 系统架构：                     X64
      ┣ 基础框架：                     AttcMN.Framework v1.0.0.0
      ┣ .NET 架构：                    .NET 8.0.21
      ┣ ━━━━━━━━━━━━━━━  启动信息 ━━━━━━━━━━━━━━━
      ┣ 运行环境：                     Development
      ┣ 启动程序集：                   AttcMN.Admin
      ┣ 进程名称：                     iisexpress
      ┣ 托管程序：                     iisexpress
      ┣ ━━━━━━━━━━━━━━━  请求头信息 ━━━━━━━━━━━━━━━
      ┣ 
      ┣ Accept：                       application/json, text/plain, */*
      ┣ Accept-Encoding：              gzip, deflate, br, zstd
      ┣ Accept-Language：              en-US,en;q=0.9,vi;q=0.8
      ┣ Connection：                   close
      ┣ Content-Length：               96
      ┣ Content-Type：                 application/json;charset=UTF-8
      ┣ Cookie：                       lang=en; Hm_lvt_3824e56a483ef95673d119166354712c=1761450141; .AspNetCore.Identity.Application=CfDJ8A_pruwfiuBFp_pFvYUTjgSCWWfo3Z47qZAjJE7FoJwOBU7JrpJzjuolrAeFzEwbNF5VkEIkB1K7Xw8YY4ADMgafZlElHia02YYyFnD-DqFWWHndOLt8TtLTDC_nf2LjPK2Z8uOezwyLZaxqTkKYswBf2vdQbBhP2xxqTk2yel9bdUSGdUsU5gDbVhvuu3HjxQefiZLg4UvttRgQzHMrvKpPNo7Zi2Cs3i-ZnSkjK8xID6zNmWmIpocuEQU1m05bo8bl0PbouQEKWEj8T_McPUiAB6Wsbx1CYIH_dyaxvfwSc8jVqNrfUwiOtL8HSeXuhgflYVo-E0Lw15XV8QBycaFNSdjokmWmtzx_o5_yUZBIbl64PKw64RA296cSOBL2FjxrIIALZkH7qUvHi4kJUM3LOJ9gVwaVBtWf_XTz2qJJ2HYT4JU7GNzu2bc8VeseFZoJ7S4Q04cdiz0M_ha96WcTbJ7g4btRGt1OPl0X4DcFAUh5lZmiB-Fkt1SwmyVzD23oy2CFzJ8_a_P_J00S2RRdWzWuQLil2ePO_jQeTtYAuykK-uECd3pZTukdqrxynJEMZp61pcElQQ22qJmNMhGjmHrZ10V4oqt4TgiYeVWC99-udGrZL9sbrjyvzppfag9xuPEav4b_gofla2vHe2pboyxEL0cTvAmIvP5sPa5UVgV_F_3Di_y5ehMswQjnwX0Q6inKFnKyN0cfqrpURWi_VPGZbICp37SjSCfo2LJMzYZ9H8rUKkBk_bBOfO5GLswRvsUgmmivB3dmrlIg9fxE_FIveH84nfU7E6XAlpzOPd0iLrufYDFAzSFh1xPHADIgiZwNzeuGylg0DOHc1MY; rememberMe=true; CurrentLanguageATTW=zh-tw; username=admin; password=Q5GWGyl0sCqJXSYevn3RFHvozeOsKO/Uw8w1yT+hzOpQ42v905KPUJXlRyfR+O7bfhVtMKVprZzKwZZUXosJJQ==; rememberMe-ssp-yxht=true; sidebarStatus=1; username-ssp-yxht=ry; password-ssp-yxht=GzMLMsKtpgMRAWbfje5beuCsmvtZ0gS0Yt025d+1FtRoQE3UsQKOyR/lPkbycRmNmQHUI7sHqsoe9Ux/IxSNbA==
      ┣ Host：                         localhost:58595
      ┣ Referer：                      http://localhost:8889/login?redirect=/index
      ┣ User-Agent：                   Mozilla/5.0 (Windows NT 10.0; Win64; x64) AppleWebKit/537.36 (KHTML, like Gecko) Chrome/142.0.0.0 Safari/537.36
      ┣ sec-ch-ua-platform：           "Windows"
      ┣ sec-ch-ua：                    "Chromium";v="142", "Google Chrome";v="142", "Not_A Brand";v="99"
      ┣ sec-ch-ua-mobile：             ?0
      ┣ origin：                       http://localhost:8889
      ┣ sec-fetch-site：               same-origin
      ┣ sec-fetch-mode：               cors
      ┣ sec-fetch-dest：               empty
      ┣ ━━━━━━━━━━━━━━━  参数列表 ━━━━━━━━━━━━━━━
      ┣ Content-Type：                 application/json;charset=UTF-8
      ┣ 
      ┣ loginBody (LoginBody)：        {"username":"ry","password":"admin123","code":"4","uuid":"6e582806-6ac0-4cb9-b7a5-5a21073436a7"}
      ┣ ━━━━━━━━━━━━━━━  返回信息 ━━━━━━━━━━━━━━━
      ┣ HTTP响应状态码：               200
      ┣ 原始类型：                     System.Threading.Tasks.Task<AttcMN.Framework.AjaxResult>
      ┣ 最终类型：                     
      ┣ 最终返回值：                   null
      ┣ ━━━━━━━━━━━━━━━  异常信息 ━━━━━━━━━━━━━━━
      ┣ 类型：                         AttcMN.Framework.Exceptions.ServiceException
      ┣ 消息：                         用户不存在/密码错误
      ┣ 错误堆栈：                     at AttcMN.System.Services.SysPasswordService.Validate(String username, String password, SysUserDto user) in D:\Project\gitlocal\AttcnMN\AttcMN.System\Services\SysPasswordService.cs:line 65
         at AttcMN.System.Services.SysLoginService.CheckLoginUser(String username, String password, SysUserDto user) in D:\Project\gitlocal\AttcnMN\AttcMN.System\Services\SysLoginService.cs:line 86
         at AttcMN.System.Services.SysLoginService.LoginAsync(String username, String password, String code, String uuid) in D:\Project\gitlocal\AttcnMN\AttcMN.System\Services\SysLoginService.cs:line 55
         at AttcMN.Admin.SysLoginController.Login(LoginBody loginBody) in D:\Project\gitlocal\AttcnMN\AttcMN.System\Controllers\SysLoginController.cs:line 48
         at lambda_method691(Closure, Object)
         at Microsoft.AspNetCore.Mvc.Infrastructure.ActionMethodExecutor.AwaitableObjectResultExecutor.Execute(ActionContext actionContext, IActionResultTypeMapper mapper, ObjectMethodExecutor executor, Object controller, Object[] arguments)
         at Microsoft.AspNetCore.Mvc.Infrastructure.ControllerActionInvoker.<InvokeActionMethodAsync>g__Logged|12_1(ControllerActionInvoker invoker)
         at Microsoft.AspNetCore.Mvc.Infrastructure.ControllerActionInvoker.<InvokeNextActionFilterAsync>g__Awaited|10_0(ControllerActionInvoker invoker, Task lastTask, State next, Scope scope, Object state, Boolean isCompleted)
      ┗━━━━━━━━━━━  Logging Monitor ━━━━━━━━━━━      
      ++++++++++++++++++++++++++++++++++++++++++++++++++++++++
      AttcMN.Framework.Exceptions.ServiceException: 用户不存在/密码错误
         at AttcMN.System.Services.SysPasswordService.Validate(String username, String password, SysUserDto user) in D:\Project\gitlocal\AttcnMN\AttcMN.System\Services\SysPasswordService.cs:line 65
         at AttcMN.System.Services.SysLoginService.CheckLoginUser(String username, String password, SysUserDto user) in D:\Project\gitlocal\AttcnMN\AttcMN.System\Services\SysLoginService.cs:line 86
         at AttcMN.System.Services.SysLoginService.LoginAsync(String username, String password, String code, String uuid) in D:\Project\gitlocal\AttcnMN\AttcMN.System\Services\SysLoginService.cs:line 55
         at AttcMN.Admin.SysLoginController.Login(LoginBody loginBody) in D:\Project\gitlocal\AttcnMN\AttcMN.System\Controllers\SysLoginController.cs:line 48
         at lambda_method691(Closure, Object)
         at Microsoft.AspNetCore.Mvc.Infrastructure.ActionMethodExecutor.AwaitableObjectResultExecutor.Execute(ActionContext actionContext, IActionResultTypeMapper mapper, ObjectMethodExecutor executor, Object controller, Object[] arguments)
         at Microsoft.AspNetCore.Mvc.Infrastructure.ControllerActionInvoker.<InvokeActionMethodAsync>g__Logged|12_1(ControllerActionInvoker invoker)
         at Microsoft.AspNetCore.Mvc.Infrastructure.ControllerActionInvoker.<InvokeNextActionFilterAsync>g__Awaited|10_0(ControllerActionInvoker invoker, Task lastTask, State next, Scope scope, Object state, Boolean isCompleted)
      ++++++++++++++++++++++++++++++++++++++++++++++++++++++++
fail: 2025-11-08 16:50:31.0185823 +07:00 Saturday L AttcMN.Framework.Filters.GlobalExceptionFilter[0] #45
      GlobalException      
      ++++++++++++++++++++++++++++++++++++++++++++++++++++++++
      AttcMN.Framework.Exceptions.ServiceException: 用户不存在/密码错误
         at AttcMN.System.Services.SysPasswordService.Validate(String username, String password, SysUserDto user) in D:\Project\gitlocal\AttcnMN\AttcMN.System\Services\SysPasswordService.cs:line 65
         at AttcMN.System.Services.SysLoginService.CheckLoginUser(String username, String password, SysUserDto user) in D:\Project\gitlocal\AttcnMN\AttcMN.System\Services\SysLoginService.cs:line 86
         at AttcMN.System.Services.SysLoginService.LoginAsync(String username, String password, String code, String uuid) in D:\Project\gitlocal\AttcnMN\AttcMN.System\Services\SysLoginService.cs:line 55
         at AttcMN.Admin.SysLoginController.Login(LoginBody loginBody) in D:\Project\gitlocal\AttcnMN\AttcMN.System\Controllers\SysLoginController.cs:line 48
         at lambda_method691(Closure, Object)
         at Microsoft.AspNetCore.Mvc.Infrastructure.ActionMethodExecutor.AwaitableObjectResultExecutor.Execute(ActionContext actionContext, IActionResultTypeMapper mapper, ObjectMethodExecutor executor, Object controller, Object[] arguments)
         at Microsoft.AspNetCore.Mvc.Infrastructure.ControllerActionInvoker.<InvokeActionMethodAsync>g__Logged|12_1(ControllerActionInvoker invoker)
         at Microsoft.AspNetCore.Mvc.Infrastructure.ControllerActionInvoker.<InvokeNextActionFilterAsync>g__Awaited|10_0(ControllerActionInvoker invoker, Task lastTask, State next, Scope scope, Object state, Boolean isCompleted)
         at Microsoft.AspNetCore.Mvc.Infrastructure.ControllerActionInvoker.Rethrow(ActionExecutedContextSealed context)
         at Microsoft.AspNetCore.Mvc.Infrastructure.ControllerActionInvoker.Next(State& next, Scope& scope, Object& state, Boolean& isCompleted)
         at Microsoft.AspNetCore.Mvc.Infrastructure.ControllerActionInvoker.<InvokeInnerFilterAsync>g__Awaited|13_0(ControllerActionInvoker invoker, Task lastTask, State next, Scope scope, Object state, Boolean isCompleted)
         at Microsoft.AspNetCore.Mvc.Infrastructure.ResourceInvoker.<InvokeNextExceptionFilterAsync>g__Awaited|26_0(ResourceInvoker invoker, Task lastTask, State next, Scope scope, Object state, Boolean isCompleted)
      ++++++++++++++++++++++++++++++++++++++++++++++++++++++++
fail: 2025-11-08 16:54:10.4509141 +07:00 Saturday L System.Logging.LoggingMonitor[0] #93
      ┏━━━━━━━━━━━  Logging Monitor ━━━━━━━━━━━
      ┣ AttcMN.Admin.SysLoginController.Login
      ┣ 
      ┣ 控制器名称：                   SysLoginController
      ┣ 操作名称：                     Login
      ┣ 显示名称：                     
      ┣ 路由信息：                     [area]: ; [controller]: SysLogin; [action]: Login
      ┣ 请求方式：                     POST
      ┣ 请求地址：                     http://localhost:58595/login
      ┣ 来源地址：                     http://localhost:8889/login?redirect=/index
      ┣ 请求端源：                     client
      ┣ 浏览器标识：                   Mozilla/5.0 (Windows NT 10.0; Win64; x64) AppleWebKit/537.36 (KHTML, like Gecko) Chrome/142.0.0.0 Safari/537.36
      ┣ 客户端区域语言：               en-US,en;q=0.9,vi;q=0.8
      ┣ 客户端 IP 地址：               0.0.0.1
      ┣ 服务端 IP 地址：               0.0.0.1
      ┣ 客户端连接 ID：                00-625cd2ddda01b2d397ae96a9abb14917-194a7f9577dca6ca-00
      ┣ 服务线程 ID：                  #93
      ┣ 执行耗时：                     120ms
      ┣ ━━━━━━━━━━━━━━━  Cookies ━━━━━━━━━━━━━━━
      ┣ 请求端：                       lang=en; Hm_lvt_3824e56a483ef95673d119166354712c=1761450141; .AspNetCore.Identity.Application=CfDJ8A_pruwfiuBFp_pFvYUTjgSCWWfo3Z47qZAjJE7FoJwOBU7JrpJzjuolrAeFzEwbNF5VkEIkB1K7Xw8YY4ADMgafZlElHia02YYyFnD-DqFWWHndOLt8TtLTDC_nf2LjPK2Z8uOezwyLZaxqTkKYswBf2vdQbBhP2xxqTk2yel9bdUSGdUsU5gDbVhvuu3HjxQefiZLg4UvttRgQzHMrvKpPNo7Zi2Cs3i-ZnSkjK8xID6zNmWmIpocuEQU1m05bo8bl0PbouQEKWEj8T_McPUiAB6Wsbx1CYIH_dyaxvfwSc8jVqNrfUwiOtL8HSeXuhgflYVo-E0Lw15XV8QBycaFNSdjokmWmtzx_o5_yUZBIbl64PKw64RA296cSOBL2FjxrIIALZkH7qUvHi4kJUM3LOJ9gVwaVBtWf_XTz2qJJ2HYT4JU7GNzu2bc8VeseFZoJ7S4Q04cdiz0M_ha96WcTbJ7g4btRGt1OPl0X4DcFAUh5lZmiB-Fkt1SwmyVzD23oy2CFzJ8_a_P_J00S2RRdWzWuQLil2ePO_jQeTtYAuykK-uECd3pZTukdqrxynJEMZp61pcElQQ22qJmNMhGjmHrZ10V4oqt4TgiYeVWC99-udGrZL9sbrjyvzppfag9xuPEav4b_gofla2vHe2pboyxEL0cTvAmIvP5sPa5UVgV_F_3Di_y5ehMswQjnwX0Q6inKFnKyN0cfqrpURWi_VPGZbICp37SjSCfo2LJMzYZ9H8rUKkBk_bBOfO5GLswRvsUgmmivB3dmrlIg9fxE_FIveH84nfU7E6XAlpzOPd0iLrufYDFAzSFh1xPHADIgiZwNzeuGylg0DOHc1MY; rememberMe=true; CurrentLanguageATTW=zh-tw; username=admin; password=Q5GWGyl0sCqJXSYevn3RFHvozeOsKO/Uw8w1yT+hzOpQ42v905KPUJXlRyfR+O7bfhVtMKVprZzKwZZUXosJJQ==; rememberMe-ssp-yxht=true; sidebarStatus=1; username-ssp-yxht=admin; password-ssp-yxht=kusES32ycMTiTaUfE9LbQizcxnnN1JHnZ9ODsIQ9HAlTIUePQb0Yy3fqAsAIWVhv7xks7aPkYlF9EiF2If7U3g==
      ┣ 响应端：                       
      ┣ ━━━━━━━━━━━━━━━  系统信息 ━━━━━━━━━━━━━━━
      ┣ 系统名称：                     Microsoft Windows 10.0.26200
      ┣ 系统架构：                     X64
      ┣ 基础框架：                     AttcMN.Framework v1.0.0.0
      ┣ .NET 架构：                    .NET 8.0.21
      ┣ ━━━━━━━━━━━━━━━  启动信息 ━━━━━━━━━━━━━━━
      ┣ 运行环境：                     Development
      ┣ 启动程序集：                   AttcMN.Admin
      ┣ 进程名称：                     iisexpress
      ┣ 托管程序：                     iisexpress
      ┣ ━━━━━━━━━━━━━━━  请求头信息 ━━━━━━━━━━━━━━━
      ┣ 
      ┣ Accept：                       application/json, text/plain, */*
      ┣ Accept-Encoding：              gzip, deflate, br, zstd
      ┣ Accept-Language：              en-US,en;q=0.9,vi;q=0.8
      ┣ Connection：                   close
      ┣ Content-Length：               99
      ┣ Content-Type：                 application/json;charset=UTF-8
      ┣ Cookie：                       lang=en; Hm_lvt_3824e56a483ef95673d119166354712c=1761450141; .AspNetCore.Identity.Application=CfDJ8A_pruwfiuBFp_pFvYUTjgSCWWfo3Z47qZAjJE7FoJwOBU7JrpJzjuolrAeFzEwbNF5VkEIkB1K7Xw8YY4ADMgafZlElHia02YYyFnD-DqFWWHndOLt8TtLTDC_nf2LjPK2Z8uOezwyLZaxqTkKYswBf2vdQbBhP2xxqTk2yel9bdUSGdUsU5gDbVhvuu3HjxQefiZLg4UvttRgQzHMrvKpPNo7Zi2Cs3i-ZnSkjK8xID6zNmWmIpocuEQU1m05bo8bl0PbouQEKWEj8T_McPUiAB6Wsbx1CYIH_dyaxvfwSc8jVqNrfUwiOtL8HSeXuhgflYVo-E0Lw15XV8QBycaFNSdjokmWmtzx_o5_yUZBIbl64PKw64RA296cSOBL2FjxrIIALZkH7qUvHi4kJUM3LOJ9gVwaVBtWf_XTz2qJJ2HYT4JU7GNzu2bc8VeseFZoJ7S4Q04cdiz0M_ha96WcTbJ7g4btRGt1OPl0X4DcFAUh5lZmiB-Fkt1SwmyVzD23oy2CFzJ8_a_P_J00S2RRdWzWuQLil2ePO_jQeTtYAuykK-uECd3pZTukdqrxynJEMZp61pcElQQ22qJmNMhGjmHrZ10V4oqt4TgiYeVWC99-udGrZL9sbrjyvzppfag9xuPEav4b_gofla2vHe2pboyxEL0cTvAmIvP5sPa5UVgV_F_3Di_y5ehMswQjnwX0Q6inKFnKyN0cfqrpURWi_VPGZbICp37SjSCfo2LJMzYZ9H8rUKkBk_bBOfO5GLswRvsUgmmivB3dmrlIg9fxE_FIveH84nfU7E6XAlpzOPd0iLrufYDFAzSFh1xPHADIgiZwNzeuGylg0DOHc1MY; rememberMe=true; CurrentLanguageATTW=zh-tw; username=admin; password=Q5GWGyl0sCqJXSYevn3RFHvozeOsKO/Uw8w1yT+hzOpQ42v905KPUJXlRyfR+O7bfhVtMKVprZzKwZZUXosJJQ==; rememberMe-ssp-yxht=true; sidebarStatus=1; username-ssp-yxht=admin; password-ssp-yxht=kusES32ycMTiTaUfE9LbQizcxnnN1JHnZ9ODsIQ9HAlTIUePQb0Yy3fqAsAIWVhv7xks7aPkYlF9EiF2If7U3g==
      ┣ Host：                         localhost:58595
      ┣ Referer：                      http://localhost:8889/login?redirect=/index
      ┣ User-Agent：                   Mozilla/5.0 (Windows NT 10.0; Win64; x64) AppleWebKit/537.36 (KHTML, like Gecko) Chrome/142.0.0.0 Safari/537.36
      ┣ sec-ch-ua-platform：           "Windows"
      ┣ sec-ch-ua：                    "Chromium";v="142", "Google Chrome";v="142", "Not_A Brand";v="99"
      ┣ sec-ch-ua-mobile：             ?0
      ┣ origin：                       http://localhost:8889
      ┣ sec-fetch-site：               same-origin
      ┣ sec-fetch-mode：               cors
      ┣ sec-fetch-dest：               empty
      ┣ ━━━━━━━━━━━━━━━  参数列表 ━━━━━━━━━━━━━━━
      ┣ Content-Type：                 application/json;charset=UTF-8
      ┣ 
      ┣ loginBody (LoginBody)：        {"username":"admin","password":"admin123","code":"2","uuid":"ac7cb57f-9675-42d2-b957-8566f3304c6a"}
      ┣ ━━━━━━━━━━━━━━━  返回信息 ━━━━━━━━━━━━━━━
      ┣ HTTP响应状态码：               200
      ┣ 原始类型：                     System.Threading.Tasks.Task<AttcMN.Framework.AjaxResult>
      ┣ 最终类型：                     
      ┣ 最终返回值：                   null
      ┣ ━━━━━━━━━━━━━━━  异常信息 ━━━━━━━━━━━━━━━
      ┣ 类型：                         AttcMN.Framework.Exceptions.ServiceException
      ┣ 消息：                         验证码错误或已失效
      ┣ 错误堆栈：                     at AttcMN.System.Services.SysLoginService.ValidateCaptcha(String username, String code, String uuid) in D:\Project\gitlocal\AttcnMN\AttcMN.System\Services\SysLoginService.cs:line 108
         at AttcMN.System.Services.SysLoginService.LoginAsync(String username, String password, String code, String uuid) in D:\Project\gitlocal\AttcnMN\AttcMN.System\Services\SysLoginService.cs:line 50
         at AttcMN.Admin.SysLoginController.Login(LoginBody loginBody) in D:\Project\gitlocal\AttcnMN\AttcMN.System\Controllers\SysLoginController.cs:line 48
         at lambda_method691(Closure, Object)
         at Microsoft.AspNetCore.Mvc.Infrastructure.ActionMethodExecutor.AwaitableObjectResultExecutor.Execute(ActionContext actionContext, IActionResultTypeMapper mapper, ObjectMethodExecutor executor, Object controller, Object[] arguments)
         at Microsoft.AspNetCore.Mvc.Infrastructure.ControllerActionInvoker.<InvokeActionMethodAsync>g__Logged|12_1(ControllerActionInvoker invoker)
         at Microsoft.AspNetCore.Mvc.Infrastructure.ControllerActionInvoker.<InvokeNextActionFilterAsync>g__Awaited|10_0(ControllerActionInvoker invoker, Task lastTask, State next, Scope scope, Object state, Boolean isCompleted)
      ┗━━━━━━━━━━━  Logging Monitor ━━━━━━━━━━━      
      ++++++++++++++++++++++++++++++++++++++++++++++++++++++++
      AttcMN.Framework.Exceptions.ServiceException: 验证码错误或已失效
         at AttcMN.System.Services.SysLoginService.ValidateCaptcha(String username, String code, String uuid) in D:\Project\gitlocal\AttcnMN\AttcMN.System\Services\SysLoginService.cs:line 108
         at AttcMN.System.Services.SysLoginService.LoginAsync(String username, String password, String code, String uuid) in D:\Project\gitlocal\AttcnMN\AttcMN.System\Services\SysLoginService.cs:line 50
         at AttcMN.Admin.SysLoginController.Login(LoginBody loginBody) in D:\Project\gitlocal\AttcnMN\AttcMN.System\Controllers\SysLoginController.cs:line 48
         at lambda_method691(Closure, Object)
         at Microsoft.AspNetCore.Mvc.Infrastructure.ActionMethodExecutor.AwaitableObjectResultExecutor.Execute(ActionContext actionContext, IActionResultTypeMapper mapper, ObjectMethodExecutor executor, Object controller, Object[] arguments)
         at Microsoft.AspNetCore.Mvc.Infrastructure.ControllerActionInvoker.<InvokeActionMethodAsync>g__Logged|12_1(ControllerActionInvoker invoker)
         at Microsoft.AspNetCore.Mvc.Infrastructure.ControllerActionInvoker.<InvokeNextActionFilterAsync>g__Awaited|10_0(ControllerActionInvoker invoker, Task lastTask, State next, Scope scope, Object state, Boolean isCompleted)
      ++++++++++++++++++++++++++++++++++++++++++++++++++++++++
fail: 2025-11-08 16:54:10.4543814 +07:00 Saturday L AttcMN.Framework.Filters.GlobalExceptionFilter[0] #93
      GlobalException      
      ++++++++++++++++++++++++++++++++++++++++++++++++++++++++
      AttcMN.Framework.Exceptions.ServiceException: 验证码错误或已失效
         at AttcMN.System.Services.SysLoginService.ValidateCaptcha(String username, String code, String uuid) in D:\Project\gitlocal\AttcnMN\AttcMN.System\Services\SysLoginService.cs:line 108
         at AttcMN.System.Services.SysLoginService.LoginAsync(String username, String password, String code, String uuid) in D:\Project\gitlocal\AttcnMN\AttcMN.System\Services\SysLoginService.cs:line 50
         at AttcMN.Admin.SysLoginController.Login(LoginBody loginBody) in D:\Project\gitlocal\AttcnMN\AttcMN.System\Controllers\SysLoginController.cs:line 48
         at lambda_method691(Closure, Object)
         at Microsoft.AspNetCore.Mvc.Infrastructure.ActionMethodExecutor.AwaitableObjectResultExecutor.Execute(ActionContext actionContext, IActionResultTypeMapper mapper, ObjectMethodExecutor executor, Object controller, Object[] arguments)
         at Microsoft.AspNetCore.Mvc.Infrastructure.ControllerActionInvoker.<InvokeActionMethodAsync>g__Logged|12_1(ControllerActionInvoker invoker)
         at Microsoft.AspNetCore.Mvc.Infrastructure.ControllerActionInvoker.<InvokeNextActionFilterAsync>g__Awaited|10_0(ControllerActionInvoker invoker, Task lastTask, State next, Scope scope, Object state, Boolean isCompleted)
         at Microsoft.AspNetCore.Mvc.Infrastructure.ControllerActionInvoker.Rethrow(ActionExecutedContextSealed context)
         at Microsoft.AspNetCore.Mvc.Infrastructure.ControllerActionInvoker.Next(State& next, Scope& scope, Object& state, Boolean& isCompleted)
         at Microsoft.AspNetCore.Mvc.Infrastructure.ControllerActionInvoker.InvokeInnerFilterAsync()
      --- End of stack trace from previous location ---
         at Microsoft.AspNetCore.Mvc.Infrastructure.ResourceInvoker.<InvokeNextExceptionFilterAsync>g__Awaited|26_0(ResourceInvoker invoker, Task lastTask, State next, Scope scope, Object state, Boolean isCompleted)
      ++++++++++++++++++++++++++++++++++++++++++++++++++++++++
