fail: 2025-11-01 14:01:46.6940283 +07:00 Saturday L Microsoft.AspNetCore.Diagnostics.DeveloperExceptionPageMiddleware[1] #41
      An unhandled exception has occurred while executing the request.      
      ++++++++++++++++++++++++++++++++++++++++++++++++++++++++
      Swashbuckle.AspNetCore.SwaggerGen.SwaggerGeneratorException: Failed to generate Operation for action - AttcMN.System.Controllers.StorageController.UploadToSftp (AttcMN.System). See inner exception
       ---> Swashbuckle.AspNetCore.SwaggerGen.SwaggerGeneratorException: Error reading parameter(s) for action AttcMN.System.Controllers.StorageController.UploadToSftp (AttcMN.System) as [FromForm] attribute used with IFormFile. Please refer to https://github.com/domaindrivendev/Swashbuckle.AspNetCore#handle-forms-and-file-uploads for more information
         at Swashbuckle.AspNetCore.SwaggerGen.SwaggerGenerator.GenerateParametersAsync(ApiDescription apiDescription, SchemaRepository schemaRespository, Func`3 parameterGenerator)
         at Swashbuckle.AspNetCore.SwaggerGen.SwaggerGenerator.GenerateParametersAsync(ApiDescription apiDescription, SchemaRepository schemaRespository)
         at Swashbuckle.AspNetCore.SwaggerGen.SwaggerGenerator.GenerateOperationAsync(OpenApiDocument document, ApiDescription apiDescription, SchemaRepository schemaRepository, Func`3 parametersGenerator, Func`3 bodyGenerator, Func`3 applyFilters)
         --- End of inner exception stack trace ---
         at Swashbuckle.AspNetCore.SwaggerGen.SwaggerGenerator.GenerateOperationAsync(OpenApiDocument document, ApiDescription apiDescription, SchemaRepository schemaRepository, Func`3 parametersGenerator, Func`3 bodyGenerator, Func`3 applyFilters)
         at Swashbuckle.AspNetCore.SwaggerGen.SwaggerGenerator.GenerateOperationAsync(OpenApiDocument document, ApiDescription apiDescription, SchemaRepository schemaRepository)
         at Swashbuckle.AspNetCore.SwaggerGen.SwaggerGenerator.GenerateOperationsAsync(OpenApiDocument document, IEnumerable`1 apiDescriptions, SchemaRepository schemaRepository)
         at Swashbuckle.AspNetCore.SwaggerGen.SwaggerGenerator.GeneratePathsAsync(OpenApiDocument document, IEnumerable`1 apiDescriptions, SchemaRepository schemaRepository, Func`4 operationsGenerator)
         at Swashbuckle.AspNetCore.SwaggerGen.SwaggerGenerator.GeneratePathsAsync(OpenApiDocument document, IEnumerable`1 apiDescriptions, SchemaRepository schemaRepository)
         at Swashbuckle.AspNetCore.SwaggerGen.SwaggerGenerator.GetSwaggerAsync(String documentName, String host, String basePath)
         at Swashbuckle.AspNetCore.Swagger.SwaggerMiddleware.Invoke(HttpContext httpContext, ISwaggerProvider swaggerProvider)
         at Microsoft.AspNetCore.Authorization.AuthorizationMiddleware.Invoke(HttpContext context)
         at Microsoft.AspNetCore.Authentication.AuthenticationMiddleware.Invoke(HttpContext context)
         at Microsoft.AspNetCore.Diagnostics.DeveloperExceptionPageMiddlewareImpl.Invoke(HttpContext context)
      ++++++++++++++++++++++++++++++++++++++++++++++++++++++++
fail: 2025-11-01 14:02:59.0738267 +07:00 Saturday L Microsoft.AspNetCore.Diagnostics.DeveloperExceptionPageMiddleware[1] #44
      An unhandled exception has occurred while executing the request.      
      ++++++++++++++++++++++++++++++++++++++++++++++++++++++++
      Swashbuckle.AspNetCore.SwaggerGen.SwaggerGeneratorException: Failed to generate Operation for action - AttcMN.System.Controllers.StorageController.UploadToSftp (AttcMN.System). See inner exception
       ---> Swashbuckle.AspNetCore.SwaggerGen.SwaggerGeneratorException: Error reading parameter(s) for action AttcMN.System.Controllers.StorageController.UploadToSftp (AttcMN.System) as [FromForm] attribute used with IFormFile. Please refer to https://github.com/domaindrivendev/Swashbuckle.AspNetCore#handle-forms-and-file-uploads for more information
         at Swashbuckle.AspNetCore.SwaggerGen.SwaggerGenerator.GenerateParametersAsync(ApiDescription apiDescription, SchemaRepository schemaRespository, Func`3 parameterGenerator)
         at Swashbuckle.AspNetCore.SwaggerGen.SwaggerGenerator.GenerateParametersAsync(ApiDescription apiDescription, SchemaRepository schemaRespository)
         at Swashbuckle.AspNetCore.SwaggerGen.SwaggerGenerator.GenerateOperationAsync(OpenApiDocument document, ApiDescription apiDescription, SchemaRepository schemaRepository, Func`3 parametersGenerator, Func`3 bodyGenerator, Func`3 applyFilters)
         --- End of inner exception stack trace ---
         at Swashbuckle.AspNetCore.SwaggerGen.SwaggerGenerator.GenerateOperationAsync(OpenApiDocument document, ApiDescription apiDescription, SchemaRepository schemaRepository, Func`3 parametersGenerator, Func`3 bodyGenerator, Func`3 applyFilters)
         at Swashbuckle.AspNetCore.SwaggerGen.SwaggerGenerator.GenerateOperationAsync(OpenApiDocument document, ApiDescription apiDescription, SchemaRepository schemaRepository)
         at Swashbuckle.AspNetCore.SwaggerGen.SwaggerGenerator.GenerateOperationsAsync(OpenApiDocument document, IEnumerable`1 apiDescriptions, SchemaRepository schemaRepository)
         at Swashbuckle.AspNetCore.SwaggerGen.SwaggerGenerator.GeneratePathsAsync(OpenApiDocument document, IEnumerable`1 apiDescriptions, SchemaRepository schemaRepository, Func`4 operationsGenerator)
         at Swashbuckle.AspNetCore.SwaggerGen.SwaggerGenerator.GeneratePathsAsync(OpenApiDocument document, IEnumerable`1 apiDescriptions, SchemaRepository schemaRepository)
         at Swashbuckle.AspNetCore.SwaggerGen.SwaggerGenerator.GetSwaggerAsync(String documentName, String host, String basePath)
         at Swashbuckle.AspNetCore.Swagger.SwaggerMiddleware.Invoke(HttpContext httpContext, ISwaggerProvider swaggerProvider)
         at Microsoft.AspNetCore.Authorization.AuthorizationMiddleware.Invoke(HttpContext context)
         at Microsoft.AspNetCore.Authentication.AuthenticationMiddleware.Invoke(HttpContext context)
         at Microsoft.AspNetCore.Diagnostics.DeveloperExceptionPageMiddlewareImpl.Invoke(HttpContext context)
      ++++++++++++++++++++++++++++++++++++++++++++++++++++++++
fail: 2025-11-01 14:07:31.7023720 +07:00 Saturday L Microsoft.AspNetCore.Diagnostics.DeveloperExceptionPageMiddleware[1] #45
      An unhandled exception has occurred while executing the request.      
      ++++++++++++++++++++++++++++++++++++++++++++++++++++++++
      Swashbuckle.AspNetCore.SwaggerGen.SwaggerGeneratorException: Failed to generate Operation for action - AttcMN.System.Controllers.StorageController.UploadToSftp (AttcMN.System). See inner exception
       ---> Swashbuckle.AspNetCore.SwaggerGen.SwaggerGeneratorException: Error reading parameter(s) for action AttcMN.System.Controllers.StorageController.UploadToSftp (AttcMN.System) as [FromForm] attribute used with IFormFile. Please refer to https://github.com/domaindrivendev/Swashbuckle.AspNetCore#handle-forms-and-file-uploads for more information
         at Swashbuckle.AspNetCore.SwaggerGen.SwaggerGenerator.GenerateParametersAsync(ApiDescription apiDescription, SchemaRepository schemaRespository, Func`3 parameterGenerator)
         at Swashbuckle.AspNetCore.SwaggerGen.SwaggerGenerator.GenerateParametersAsync(ApiDescription apiDescription, SchemaRepository schemaRespository)
         at Swashbuckle.AspNetCore.SwaggerGen.SwaggerGenerator.GenerateOperationAsync(OpenApiDocument document, ApiDescription apiDescription, SchemaRepository schemaRepository, Func`3 parametersGenerator, Func`3 bodyGenerator, Func`3 applyFilters)
         --- End of inner exception stack trace ---
         at Swashbuckle.AspNetCore.SwaggerGen.SwaggerGenerator.GenerateOperationAsync(OpenApiDocument document, ApiDescription apiDescription, SchemaRepository schemaRepository, Func`3 parametersGenerator, Func`3 bodyGenerator, Func`3 applyFilters)
         at Swashbuckle.AspNetCore.SwaggerGen.SwaggerGenerator.GenerateOperationAsync(OpenApiDocument document, ApiDescription apiDescription, SchemaRepository schemaRepository)
         at Swashbuckle.AspNetCore.SwaggerGen.SwaggerGenerator.GenerateOperationsAsync(OpenApiDocument document, IEnumerable`1 apiDescriptions, SchemaRepository schemaRepository)
         at Swashbuckle.AspNetCore.SwaggerGen.SwaggerGenerator.GeneratePathsAsync(OpenApiDocument document, IEnumerable`1 apiDescriptions, SchemaRepository schemaRepository, Func`4 operationsGenerator)
         at Swashbuckle.AspNetCore.SwaggerGen.SwaggerGenerator.GeneratePathsAsync(OpenApiDocument document, IEnumerable`1 apiDescriptions, SchemaRepository schemaRepository)
         at Swashbuckle.AspNetCore.SwaggerGen.SwaggerGenerator.GetSwaggerAsync(String documentName, String host, String basePath)
         at Swashbuckle.AspNetCore.Swagger.SwaggerMiddleware.Invoke(HttpContext httpContext, ISwaggerProvider swaggerProvider)
         at Microsoft.AspNetCore.Authorization.AuthorizationMiddleware.Invoke(HttpContext context)
         at Microsoft.AspNetCore.Authentication.AuthenticationMiddleware.Invoke(HttpContext context)
         at Microsoft.AspNetCore.Diagnostics.DeveloperExceptionPageMiddlewareImpl.Invoke(HttpContext context)
      ++++++++++++++++++++++++++++++++++++++++++++++++++++++++
fail: 2025-11-01 14:16:59.0710408 +07:00 Saturday L Microsoft.AspNetCore.Diagnostics.DeveloperExceptionPageMiddleware[1] #14
      An unhandled exception has occurred while executing the request.      
      ++++++++++++++++++++++++++++++++++++++++++++++++++++++++
      Swashbuckle.AspNetCore.SwaggerGen.SwaggerGeneratorException: Failed to generate Operation for action - AttcMN.System.Controllers.StorageController.UploadToSftp (AttcMN.System). See inner exception
       ---> Swashbuckle.AspNetCore.SwaggerGen.SwaggerGeneratorException: Error reading parameter(s) for action AttcMN.System.Controllers.StorageController.UploadToSftp (AttcMN.System) as [FromForm] attribute used with IFormFile. Please refer to https://github.com/domaindrivendev/Swashbuckle.AspNetCore#handle-forms-and-file-uploads for more information
         at Swashbuckle.AspNetCore.SwaggerGen.SwaggerGenerator.GenerateParametersAsync(ApiDescription apiDescription, SchemaRepository schemaRespository, Func`3 parameterGenerator)
         at Swashbuckle.AspNetCore.SwaggerGen.SwaggerGenerator.GenerateParametersAsync(ApiDescription apiDescription, SchemaRepository schemaRespository)
         at Swashbuckle.AspNetCore.SwaggerGen.SwaggerGenerator.GenerateOperationAsync(OpenApiDocument document, ApiDescription apiDescription, SchemaRepository schemaRepository, Func`3 parametersGenerator, Func`3 bodyGenerator, Func`3 applyFilters)
         --- End of inner exception stack trace ---
         at Swashbuckle.AspNetCore.SwaggerGen.SwaggerGenerator.GenerateOperationAsync(OpenApiDocument document, ApiDescription apiDescription, SchemaRepository schemaRepository, Func`3 parametersGenerator, Func`3 bodyGenerator, Func`3 applyFilters)
         at Swashbuckle.AspNetCore.SwaggerGen.SwaggerGenerator.GenerateOperationAsync(OpenApiDocument document, ApiDescription apiDescription, SchemaRepository schemaRepository)
         at Swashbuckle.AspNetCore.SwaggerGen.SwaggerGenerator.GenerateOperationsAsync(OpenApiDocument document, IEnumerable`1 apiDescriptions, SchemaRepository schemaRepository)
         at Swashbuckle.AspNetCore.SwaggerGen.SwaggerGenerator.GeneratePathsAsync(OpenApiDocument document, IEnumerable`1 apiDescriptions, SchemaRepository schemaRepository, Func`4 operationsGenerator)
         at Swashbuckle.AspNetCore.SwaggerGen.SwaggerGenerator.GeneratePathsAsync(OpenApiDocument document, IEnumerable`1 apiDescriptions, SchemaRepository schemaRepository)
         at Swashbuckle.AspNetCore.SwaggerGen.SwaggerGenerator.GetSwaggerAsync(String documentName, String host, String basePath)
         at Swashbuckle.AspNetCore.Swagger.SwaggerMiddleware.Invoke(HttpContext httpContext, ISwaggerProvider swaggerProvider)
         at Microsoft.AspNetCore.Authorization.AuthorizationMiddleware.Invoke(HttpContext context)
         at Microsoft.AspNetCore.Authentication.AuthenticationMiddleware.Invoke(HttpContext context)
         at Microsoft.AspNetCore.Diagnostics.DeveloperExceptionPageMiddlewareImpl.Invoke(HttpContext context)
      ++++++++++++++++++++++++++++++++++++++++++++++++++++++++
fail: 2025-11-01 15:13:25.1402956 +07:00 Saturday L AttcMN.System.Controllers.StorageController[0] #43
      SFTP upload failed      
      ++++++++++++++++++++++++++++++++++++++++++++++++++++++++
      Microsoft.Data.SqlClient.SqlException (0x80131904): Cannot insert the value NULL into column 'file_id', table 'ry_net.dbo.storage'; column does not allow nulls. INSERT fails.
      The statement has been terminated.
         at Microsoft.Data.SqlClient.SqlConnection.OnError(SqlException exception, Boolean breakConnection, Action`1 wrapCloseInAction)
         at Microsoft.Data.SqlClient.SqlInternalConnection.OnError(SqlException exception, Boolean breakConnection, Action`1 wrapCloseInAction)
         at Microsoft.Data.SqlClient.TdsParser.ThrowExceptionAndWarning(TdsParserStateObject stateObj, Boolean callerHasConnectionLock, Boolean asyncClose)
         at Microsoft.Data.SqlClient.TdsParser.TryRun(RunBehavior runBehavior, SqlCommand cmdHandler, SqlDataReader dataStream, BulkCopySimpleResultSet bulkCopyHandler, TdsParserStateObject stateObj, Boolean& dataReady)
         at Microsoft.Data.SqlClient.SqlDataReader.TryConsumeMetaData()
         at Microsoft.Data.SqlClient.SqlDataReader.get_MetaData()
         at Microsoft.Data.SqlClient.SqlCommand.FinishExecuteReader(SqlDataReader ds, RunBehavior runBehavior, String resetOptionsString, Boolean isInternal, Boolean forDescribeParameterEncryption, Boolean shouldCacheForAlwaysEncrypted)
         at Microsoft.Data.SqlClient.SqlCommand.CompleteAsyncExecuteReader(Boolean isInternal, Boolean forDescribeParameterEncryption)
         at Microsoft.Data.SqlClient.SqlCommand.InternalEndExecuteReader(IAsyncResult asyncResult, Boolean isInternal, String endMethod)
         at Microsoft.Data.SqlClient.SqlCommand.EndExecuteReaderInternal(IAsyncResult asyncResult)
         at Microsoft.Data.SqlClient.SqlCommand.EndExecuteReaderAsync(IAsyncResult asyncResult)
         at Microsoft.Data.SqlClient.SqlCommand.EndExecuteReaderAsyncCallback(IAsyncResult asyncResult)
         at System.Threading.Tasks.TaskFactory`1.FromAsyncCoreLogic(IAsyncResult iar, Func`2 endFunction, Action`1 endAction, Task`1 promise, Boolean requiresSynchronization)
      --- End of stack trace from previous location ---
         at SqlSugar.AdoProvider.GetScalarAsync(String sql, SugarParameter[] parameters)
         at SqlSugar.InsertableProvider`1.ExecuteReturnBigIdentityAsync()
         at SqlSugar.InsertableProvider`1.ExecuteCommandIdentityIntoEntityAsync()
         at SqlSugar.SqlSugarRepository`1.InsertReturnIndentityIntoEntityAsync(TEntity entity) in D:\Project\gitlocal\AttcMN.Framework\SqlSugar\Repositories\SqlSugarRepository.cs:line 340
         at AttcMN.Common.Data.BaseRepository`2.InsertAsync(TEntity entity) in D:\Project\gitlocal\AttcMN.Common\Data\BaseRepository.cs:line 374
         at AttcMN.Common.Data.BaseService`2.InsertAsync(TEntity entity) in D:\Project\gitlocal\AttcMN.Common\Data\BaseService.cs:line 133
         at AttcMN.Common.Data.BaseService`2.InsertAsync(TDto dto) in D:\Project\gitlocal\AttcMN.Common\Data\BaseService.cs:line 182
         at AttcMN.System.Controllers.StorageController.UploadFileToSftp(IFormFile file) in D:\Project\gitlocal\AttcMN.System\Controllers\StorageController.cs:line 185
      ClientConnectionId:ded7d7bd-9532-4fa4-b853-53ac2309e71b
      Error Number:515,State:2,Class:16
      ++++++++++++++++++++++++++++++++++++++++++++++++++++++++
